Archive member included to satisfy reference by file (symbol)

C:\Users\laure\AppData\Local\arduino\sketches\C631ABB22ACAF661818192E34083C7BD/..\..\cores\arduino_samd_mkr1000_15fe817aae796c142fa2dce464418383\core.a(SERCOM.cpp.o)
                              C:\Users\laure\AppData\Local\arduino\sketches\C631ABB22ACAF661818192E34083C7BD\core\variant.cpp.o (SERCOM::SERCOM(Sercom*))
C:\Users\laure\AppData\Local\arduino\sketches\C631ABB22ACAF661818192E34083C7BD/..\..\cores\arduino_samd_mkr1000_15fe817aae796c142fa2dce464418383\core.a(Uart.cpp.o)
                              C:\Users\laure\AppData\Local\arduino\sketches\C631ABB22ACAF661818192E34083C7BD\core\variant.cpp.o (Uart::Uart(SERCOM*, unsigned char, unsigned char, SercomRXPad, SercomUartTXPad))
C:\Users\laure\AppData\Local\arduino\sketches\C631ABB22ACAF661818192E34083C7BD/..\..\cores\arduino_samd_mkr1000_15fe817aae796c142fa2dce464418383\core.a(Print.cpp.o)
                              C:\Users\laure\AppData\Local\arduino\sketches\C631ABB22ACAF661818192E34083C7BD/..\..\cores\arduino_samd_mkr1000_15fe817aae796c142fa2dce464418383\core.a(Uart.cpp.o) (arduino::Print::write(unsigned char const*, unsigned int))
C:\Users\laure\AppData\Local\arduino\sketches\C631ABB22ACAF661818192E34083C7BD/..\..\cores\arduino_samd_mkr1000_15fe817aae796c142fa2dce464418383\core.a(cortex_handlers.c.o)
                              (Reset_Handler)
C:\Users\laure\AppData\Local\arduino\sketches\C631ABB22ACAF661818192E34083C7BD/..\..\cores\arduino_samd_mkr1000_15fe817aae796c142fa2dce464418383\core.a(delay.c.o)
                              C:\Users\laure\AppData\Local\arduino\sketches\C631ABB22ACAF661818192E34083C7BD/..\..\cores\arduino_samd_mkr1000_15fe817aae796c142fa2dce464418383\core.a(cortex_handlers.c.o) (SysTick_DefaultHandler)
C:\Users\laure\AppData\Local\arduino\sketches\C631ABB22ACAF661818192E34083C7BD/..\..\cores\arduino_samd_mkr1000_15fe817aae796c142fa2dce464418383\core.a(hooks.c.o)
                              C:\Users\laure\AppData\Local\arduino\sketches\C631ABB22ACAF661818192E34083C7BD/..\..\cores\arduino_samd_mkr1000_15fe817aae796c142fa2dce464418383\core.a(delay.c.o) (yield)
C:\Users\laure\AppData\Local\arduino\sketches\C631ABB22ACAF661818192E34083C7BD/..\..\cores\arduino_samd_mkr1000_15fe817aae796c142fa2dce464418383\core.a(main.cpp.o)
                              c:/users/laure/appdata/local/arduino15/packages/arduino/tools/arm-none-eabi-gcc/7-2017q4/bin/../lib/gcc/arm-none-eabi/7.2.1/../../../../arm-none-eabi/lib/thumb/v6-m/crt0.o (main)
C:\Users\laure\AppData\Local\arduino\sketches\C631ABB22ACAF661818192E34083C7BD/..\..\cores\arduino_samd_mkr1000_15fe817aae796c142fa2dce464418383\core.a(new.cpp.o)
                              C:\Users\laure\AppData\Local\arduino\sketches\C631ABB22ACAF661818192E34083C7BD\libraries\SPI\SPI.cpp.o (operator delete(void*))
C:\Users\laure\AppData\Local\arduino\sketches\C631ABB22ACAF661818192E34083C7BD/..\..\cores\arduino_samd_mkr1000_15fe817aae796c142fa2dce464418383\core.a(startup.c.o)
                              C:\Users\laure\AppData\Local\arduino\sketches\C631ABB22ACAF661818192E34083C7BD/..\..\cores\arduino_samd_mkr1000_15fe817aae796c142fa2dce464418383\core.a(cortex_handlers.c.o) (SystemInit)
C:\Users\laure\AppData\Local\arduino\sketches\C631ABB22ACAF661818192E34083C7BD/..\..\cores\arduino_samd_mkr1000_15fe817aae796c142fa2dce464418383\core.a(wiring.c.o)
                              C:\Users\laure\AppData\Local\arduino\sketches\C631ABB22ACAF661818192E34083C7BD/..\..\cores\arduino_samd_mkr1000_15fe817aae796c142fa2dce464418383\core.a(main.cpp.o) (init)
C:\Users\laure\AppData\Local\arduino\sketches\C631ABB22ACAF661818192E34083C7BD/..\..\cores\arduino_samd_mkr1000_15fe817aae796c142fa2dce464418383\core.a(wiring_analog.c.o)
                              C:\Users\laure\AppData\Local\arduino\sketches\C631ABB22ACAF661818192E34083C7BD/..\..\cores\arduino_samd_mkr1000_15fe817aae796c142fa2dce464418383\core.a(wiring.c.o) (analogReference)
C:\Users\laure\AppData\Local\arduino\sketches\C631ABB22ACAF661818192E34083C7BD/..\..\cores\arduino_samd_mkr1000_15fe817aae796c142fa2dce464418383\core.a(wiring_digital.c.o)
                              C:\Users\laure\AppData\Local\arduino\sketches\C631ABB22ACAF661818192E34083C7BD\sketch\fram_eraser.ino.cpp.o (pinMode)
C:\Users\laure\AppData\Local\arduino\sketches\C631ABB22ACAF661818192E34083C7BD/..\..\cores\arduino_samd_mkr1000_15fe817aae796c142fa2dce464418383\core.a(wiring_private.c.o)
                              C:\Users\laure\AppData\Local\arduino\sketches\C631ABB22ACAF661818192E34083C7BD\libraries\SPI\SPI.cpp.o (pinPeripheral)
C:\Users\laure\AppData\Local\arduino\sketches\C631ABB22ACAF661818192E34083C7BD/..\..\cores\arduino_samd_mkr1000_15fe817aae796c142fa2dce464418383\core.a(Reset.cpp.o)
                              C:\Users\laure\AppData\Local\arduino\sketches\C631ABB22ACAF661818192E34083C7BD/..\..\cores\arduino_samd_mkr1000_15fe817aae796c142fa2dce464418383\core.a(delay.c.o) (tickReset)
[...]
Memory Configuration

Name             Origin             Length             Attributes
FLASH            0x00002000         0x0003e000         xr
RAM              0x20000000         0x00008000         xrw
*default*        0x00000000         0xffffffff

Linker script and memory map

LOAD c:/users/laure/appdata/local/arduino15/packages/arduino/tools/arm-none-eabi-gcc/7-2017q4/bin/../lib/gcc/arm-none-eabi/7.2.1/thumb/v6-m/crti.o
LOAD c:/users/laure/appdata/local/arduino15/packages/arduino/tools/arm-none-eabi-gcc/7-2017q4/bin/../lib/gcc/arm-none-eabi/7.2.1/thumb/v6-m/crtbegin.o
LOAD c:/users/laure/appdata/local/arduino15/packages/arduino/tools/arm-none-eabi-gcc/7-2017q4/bin/../lib/gcc/arm-none-eabi/7.2.1/../../../../arm-none-eabi/lib/thumb/v6-m/crt0.o
LOAD C:\Users\laure\AppData\Local\arduino\sketches\C631ABB22ACAF661818192E34083C7BD\sketch\fram_eraser.ino.cpp.o
LOAD C:\Users\laure\AppData\Local\arduino\sketches\C631ABB22ACAF661818192E34083C7BD\libraries\SPI\SPI.cpp.o
LOAD C:\Users\laure\AppData\Local\arduino\sketches\C631ABB22ACAF661818192E34083C7BD\core\variant.cpp.o
START GROUP
LOAD C:\Users\laure\AppData\Local\Arduino15\packages\arduino\tools\CMSIS\4.5.0/CMSIS/Lib/GCC/\libarm_cortexM0l_math.a
LOAD C:\Users\laure\AppData\Local\arduino\sketches\C631ABB22ACAF661818192E34083C7BD/..\..\cores\arduino_samd_mkr1000_15fe817aae796c142fa2dce464418383\core.a
END GROUP
LOAD c:/users/laure/appdata/local/arduino15/packages/arduino/tools/arm-none-eabi-gcc/7-2017q4/bin/../lib/gcc/arm-none-eabi/7.2.1/../../../../arm-none-eabi/lib/thumb/v6-m\libstdc++_nano.a
LOAD c:/users/laure/appdata/local/arduino15/packages/arduino/tools/arm-none-eabi-gcc/7-2017q4/bin/../lib/gcc/arm-none-eabi/7.2.1/../../../../arm-none-eabi/lib/thumb/v6-m\libm.a
START GROUP
LOAD c:/users/laure/appdata/local/arduino15/packages/arduino/tools/arm-none-eabi-gcc/7-2017q4/bin/../lib/gcc/arm-none-eabi/7.2.1/thumb/v6-m\libgcc.a
LOAD c:/users/laure/appdata/local/arduino15/packages/arduino/tools/arm-none-eabi-gcc/7-2017q4/bin/../lib/gcc/arm-none-eabi/7.2.1/../../../../arm-none-eabi/lib/thumb/v6-m\libc_nano.a
END GROUP
START GROUP
LOAD c:/users/laure/appdata/local/arduino15/packages/arduino/tools/arm-none-eabi-gcc/7-2017q4/bin/../lib/gcc/arm-none-eabi/7.2.1/thumb/v6-m\libgcc.a
LOAD c:/users/laure/appdata/local/arduino15/packages/arduino/tools/arm-none-eabi-gcc/7-2017q4/bin/../lib/gcc/arm-none-eabi/7.2.1/../../../../arm-none-eabi/lib/thumb/v6-m\libc_nano.a
LOAD c:/users/laure/appdata/local/arduino15/packages/arduino/tools/arm-none-eabi-gcc/7-2017q4/bin/../lib/gcc/arm-none-eabi/7.2.1/../../../../arm-none-eabi/lib/thumb/v6-m\libnosys.a
END GROUP
START GROUP
LOAD c:/users/laure/appdata/local/arduino15/packages/arduino/tools/arm-none-eabi-gcc/7-2017q4/bin/../lib/gcc/arm-none-eabi/7.2.1/thumb/v6-m\libgcc.a
LOAD c:/users/laure/appdata/local/arduino15/packages/arduino/tools/arm-none-eabi-gcc/7-2017q4/bin/../lib/gcc/arm-none-eabi/7.2.1/../../../../arm-none-eabi/lib/thumb/v6-m\libc_nano.a
LOAD c:/users/laure/appdata/local/arduino15/packages/arduino/tools/arm-none-eabi-gcc/7-2017q4/bin/../lib/gcc/arm-none-eabi/7.2.1/../../../../arm-none-eabi/lib/thumb/v6-m\libnosys.a
END GROUP
LOAD c:/users/laure/appdata/local/arduino15/packages/arduino/tools/arm-none-eabi-gcc/7-2017q4/bin/../lib/gcc/arm-none-eabi/7.2.1/thumb/v6-m/crtend.o
LOAD c:/users/laure/appdata/local/arduino15/packages/arduino/tools/arm-none-eabi-gcc/7-2017q4/bin/../lib/gcc/arm-none-eabi/7.2.1/thumb/v6-m/crtn.o

.text           0x00002000     0x3048
                0x00002000                __text_start__ = .
 *(.sketch_boot)
                0x00002000                . = ALIGN (0x2000)
 *(.isr_vector)
 .isr_vector    0x00002000       0xb4 C:\Users\laure\AppData\Local\arduino\sketches\C631ABB22ACAF661818192E34083C7BD/..\..\cores\arduino_samd_mkr1000_15fe817aae796c142fa2dce464418383\core.a(cortex_handlers.c.o)
                0x00002000                exception_table
 *(.text*)
 .text          0x000020b4       0x48 c:/users/laure/appdata/local/arduino15/packages/arduino/tools/arm-none-eabi-gcc/7-2017q4/bin/../lib/gcc/arm-none-eabi/7.2.1/thumb/v6-m/crtbegin.o
 .text.loop     0x000020fc        0x2 C:\Users\laure\AppData\Local\arduino\sketches\C631ABB22ACAF661818192E34083C7BD\sketch\fram_eraser.ino.cpp.o
                0x000020fc                loop
 *fill*         0x000020fe        0x2 
 .text.setup    0x00002100       0x98 C:\Users\laure\AppData\Local\arduino\sketches\C631ABB22ACAF661818192E34083C7BD\sketch\fram_eraser.ino.cpp.o
                0x00002100                setup
 .text._ZN12SPIClassSAMD8transferEPvj
                0x00002198       0x1e C:\Users\laure\AppData\Local\arduino\sketches\C631ABB22ACAF661818192E34083C7BD\libraries\SPI\SPI.cpp.o
                0x00002198                SPIClassSAMD::transfer(void*, unsigned int)
 .text._ZN12SPIClassSAMD15attachInterruptEv
                0x000021b6        0x2 C:\Users\laure\AppData\Local\arduino\sketches\C631ABB22ACAF661818192E34083C7BD\libraries\SPI\SPI.cpp.o
                0x000021b6                SPIClassSAMD::detachInterrupt()
                0x000021b6                SPIClassSAMD::attachInterrupt()
 .text._ZN12SPIClassSAMDD2Ev
                0x000021b8        0x2 C:\Users\laure\AppData\Local\arduino\sketches\C631ABB22ACAF661818192E34083C7BD\libraries\SPI\SPI.cpp.o
                0x000021b8                SPIClassSAMD::~SPIClassSAMD()
                0x000021b8                SPIClassSAMD::~SPIClassSAMD()
 .text._ZN12SPIClassSAMD3endEv
                0x000021ba       0x10 C:\Users\laure\AppData\Local\arduino\sketches\C631ABB22ACAF661818192E34083C7BD\libraries\SPI\SPI.cpp.o
                0x000021ba                SPIClassSAMD::end()
 .text._ZN12SPIClassSAMD8transferEh
                0x000021ca        0xa C:\Users\laure\AppData\Local\arduino\sketches\C631ABB22ACAF661818192E34083C7BD\libraries\SPI\SPI.cpp.o
                0x000021ca                SPIClassSAMD::transfer(unsigned char)
 .text._ZN12SPIClassSAMD10transfer16Et
                0x000021d4       0x58 C:\Users\laure\AppData\Local\arduino\sketches\C631ABB22ACAF661818192E34083C7BD\libraries\SPI\SPI.cpp.o
                0x000021d4                SPIClassSAMD::transfer16(unsigned short)
 .text._ZN12SPIClassSAMDD0Ev
                0x0000222c        0xc C:\Users\laure\AppData\Local\arduino\sketches\C631ABB22ACAF661818192E34083C7BD\libraries\SPI\SPI.cpp.o
                0x0000222c                SPIClassSAMD::~SPIClassSAMD()
 .text._ZN12SPIClassSAMD14usingInterruptEi
                0x00002238       0x44 C:\Users\laure\AppData\Local\arduino\sketches\C631ABB22ACAF661818192E34083C7BD\libraries\SPI\SPI.cpp.o
                0x00002238                SPIClassSAMD::usingInterrupt(int)
 .text._ZN12SPIClassSAMD17notUsingInterruptEi
                0x0000227c       0x3c C:\Users\laure\AppData\Local\arduino\sketches\C631ABB22ACAF661818192E34083C7BD\libraries\SPI\SPI.cpp.o
                0x0000227c                SPIClassSAMD::notUsingInterrupt(int)
 .text._ZN12SPIClassSAMD14endTransactionEv
                0x000022b8       0x28 C:\Users\laure\AppData\Local\arduino\sketches\C631ABB22ACAF661818192E34083C7BD\libraries\SPI\SPI.cpp.o
                0x000022b8                SPIClassSAMD::endTransaction()
 .text._ZN12SPIClassSAMD4initEv
                0x000022e0       0x12 C:\Users\laure\AppData\Local\arduino\sketches\C631ABB22ACAF661818192E34083C7BD\libraries\SPI\SPI.cpp.o
                0x000022e0                SPIClassSAMD::init()
 *fill*         0x000022f2        0x2 
 .text._ZN12SPIClassSAMD6configEN7arduino11SPISettingsE
                0x000022f4       0x74 C:\Users\laure\AppData\Local\arduino\sketches\C631ABB22ACAF661818192E34083C7BD\libraries\SPI\SPI.cpp.o
                0x000022f4                SPIClassSAMD::config(arduino::SPISettings)
 .text._ZN12SPIClassSAMD5beginEv
                0x00002368       0x50 C:\Users\laure\AppData\Local\arduino\sketches\C631ABB22ACAF661818192E34083C7BD\libraries\SPI\SPI.cpp.o
                0x00002368                SPIClassSAMD::begin()
 .text._ZN12SPIClassSAMD16beginTransactionEN7arduino11SPISettingsE
                0x000023b8       0x38 C:\Users\laure\AppData\Local\arduino\sketches\C631ABB22ACAF661818192E34083C7BD\libraries\SPI\SPI.cpp.o
                0x000023b8                SPIClassSAMD::beginTransaction(arduino::SPISettings)
 .text.startup._GLOBAL__sub_I__ZN12SPIClassSAMDC2EP6SERCOMhhh14SercomSpiTXPad11SercomRXPad
                0x000023f0       0x98 C:\Users\laure\AppData\Local\arduino\sketches\C631ABB22ACAF661818192E34083C7BD\libraries\SPI\SPI.cpp.o
 .text.SERCOM5_Handler
                0x00002488       0x10 C:\Users\laure\AppData\Local\arduino\sketches\C631ABB22ACAF661818192E34083C7BD\core\variant.cpp.o
                0x00002488                SERCOM5_Handler
 .text.startup._GLOBAL__sub_I_g_APinDescription
                0x00002498       0x80 C:\Users\laure\AppData\Local\arduino\sketches\C631ABB22ACAF661818192E34083C7BD\core\variant.cpp.o
 .text._ZN6SERCOMC2EP6Sercom
                0x00002518        0x8 C:\Users\laure\AppData\Local\arduino\sketches\C631ABB22ACAF661818192E34083C7BD/..\..\cores\arduino_samd_mkr1000_15fe817aae796c142fa2dce464418383\core.a(SERCOM.cpp.o)
                0x00002518                SERCOM::SERCOM(Sercom*)
                0x00002518                SERCOM::SERCOM(Sercom*)
 .text._ZN6SERCOM9initFrameE18SercomUartCharSize15SercomDataOrder16SercomParityMode19SercomNumberStopBit
                0x00002520       0x3a C:\Users\laure\AppData\Local\arduino\sketches\C631ABB22ACAF661818192E34083C7BD/..\..\cores\arduino_samd_mkr1000_15fe817aae796c142fa2dce464418383\core.a(SERCOM.cpp.o)
                0x00002520                SERCOM::initFrame(SercomUartCharSize, SercomDataOrder, SercomParityMode, SercomNumberStopBit)
 .text._ZN6SERCOM8initPadsE15SercomUartTXPad11SercomRXPad
                0x0000255a       0x26 C:\Users\laure\AppData\Local\arduino\sketches\C631ABB22ACAF661818192E34083C7BD/..\..\cores\arduino_samd_mkr1000_15fe817aae796c142fa2dce464418383\core.a(SERCOM.cpp.o)
                0x0000255a                SERCOM::initPads(SercomUartTXPad, SercomRXPad)
 .text._ZN6SERCOM9resetUARTEv
                0x00002580       0x1a C:\Users\laure\AppData\Local\arduino\sketches\C631ABB22ACAF661818192E34083C7BD/..\..\cores\arduino_samd_mkr1000_15fe817aae796c142fa2dce464418383\core.a(SERCOM.cpp.o)
                0x00002580                SERCOM::resetUART()
 .text._ZN6SERCOM10enableUARTEv
                0x0000259a       0x14 C:\Users\laure\AppData\Local\arduino\sketches\C631ABB22ACAF661818192E34083C7BD/..\..\cores\arduino_samd_mkr1000_15fe817aae796c142fa2dce464418383\core.a(SERCOM.cpp.o)
                0x0000259a                SERCOM::enableUART()
 .text._ZN6SERCOM9flushUARTEv
                0x000025ae       0x14 C:\Users\laure\AppData\Local\arduino\sketches\C631ABB22ACAF661818192E34083C7BD/..\..\cores\arduino_samd_mkr1000_15fe817aae796c142fa2dce464418383\core.a(SERCOM.cpp.o)
                0x000025ae                SERCOM::flushUART()
 .text._ZN6SERCOM15clearStatusUARTEv
                0x000025c2        0x8 C:\Users\laure\AppData\Local\arduino\sketches\C631ABB22ACAF661818192E34083C7BD/..\..\cores\arduino_samd_mkr1000_15fe817aae796c142fa2dce464418383\core.a(SERCOM.cpp.o)
                0x000025c2                SERCOM::clearStatusUART()
 .text._ZN6SERCOM17availableDataUARTEv
                0x000025ca        0xa C:\Users\laure\AppData\Local\arduino\sketches\C631ABB22ACAF661818192E34083C7BD/..\..\cores\arduino_samd_mkr1000_15fe817aae796c142fa2dce464418383\core.a(SERCOM.cpp.o)
                0x000025ca                SERCOM::availableDataUART()
 .text._ZN6SERCOM11isUARTErrorEv
                0x000025d4        0x8 C:\Users\laure\AppData\Local\arduino\sketches\C631ABB22ACAF661818192E34083C7BD/..\..\cores\arduino_samd_mkr1000_15fe817aae796c142fa2dce464418383\core.a(SERCOM.cpp.o)
                0x000025d4                SERCOM::isUARTError()
 .text._ZN6SERCOM20acknowledgeUARTErrorEv
                0x000025dc        0xe C:\Users\laure\AppData\Local\arduino\sketches\C631ABB22ACAF661818192E34083C7BD/..\..\cores\arduino_samd_mkr1000_15fe817aae796c142fa2dce464418383\core.a(SERCOM.cpp.o)
                0x000025dc                SERCOM::acknowledgeUARTError()
 .text._ZN6SERCOM16isFrameErrorUARTEv
                0x000025ea        0xa C:\Users\laure\AppData\Local\arduino\sketches\C631ABB22ACAF661818192E34083C7BD/..\..\cores\arduino_samd_mkr1000_15fe817aae796c142fa2dce464418383\core.a(SERCOM.cpp.o)
                0x000025ea                SERCOM::isFrameErrorUART()
 .text._ZN6SERCOM19clearFrameErrorUARTEv
                0x000025f4        0xc C:\Users\laure\AppData\Local\arduino\sketches\C631ABB22ACAF661818192E34083C7BD/..\..\cores\arduino_samd_mkr1000_15fe817aae796c142fa2dce464418383\core.a(SERCOM.cpp.o)
                0x000025f4                SERCOM::clearFrameErrorUART()
 .text._ZN6SERCOM23isDataRegisterEmptyUARTEv
                0x00002600        0xa C:\Users\laure\AppData\Local\arduino\sketches\C631ABB22ACAF661818192E34083C7BD/..\..\cores\arduino_samd_mkr1000_15fe817aae796c142fa2dce464418383\core.a(SERCOM.cpp.o)
                0x00002600                SERCOM::isDataRegisterEmptyUART()
 .text._ZN6SERCOM12readDataUARTEv
                0x0000260a        0x8 C:\Users\laure\AppData\Local\arduino\sketches\C631ABB22ACAF661818192E34083C7BD/..\..\cores\arduino_samd_mkr1000_15fe817aae796c142fa2dce464418383\core.a(SERCOM.cpp.o)
                0x0000260a                SERCOM::readDataUART()
 .text._ZN6SERCOM13writeDataUARTEh
                0x00002612       0x14 C:\Users\laure\AppData\Local\arduino\sketches\C631ABB22ACAF661818192E34083C7BD/..\..\cores\arduino_samd_mkr1000_15fe817aae796c142fa2dce464418383\core.a(SERCOM.cpp.o)
                0x00002612                SERCOM::writeDataUART(unsigned char)
 .text._ZN6SERCOM36enableDataRegisterEmptyInterruptUARTEv
                0x00002626        0x8 C:\Users\laure\AppData\Local\arduino\sketches\C631ABB22ACAF661818192E34083C7BD/..\..\cores\arduino_samd_mkr1000_15fe817aae796c142fa2dce464418383\core.a(SERCOM.cpp.o)
                0x00002626                SERCOM::enableDataRegisterEmptyInterruptUART()
 .text._ZN6SERCOM37disableDataRegisterEmptyInterruptUARTEv
                0x0000262e        0x8 C:\Users\laure\AppData\Local\arduino\sketches\C631ABB22ACAF661818192E34083C7BD/..\..\cores\arduino_samd_mkr1000_15fe817aae796c142fa2dce464418383\core.a(SERCOM.cpp.o)
                0x0000262e                SERCOM::disableDataRegisterEmptyInterruptUART()
 *fill*         0x00002636        0x2 
 .text._ZN6SERCOM12initSPIClockE18SercomSpiClockModem
                0x00002638       0x30 C:\Users\laure\AppData\Local\arduino\sketches\C631ABB22ACAF661818192E34083C7BD/..\..\cores\arduino_samd_mkr1000_15fe817aae796c142fa2dce464418383\core.a(SERCOM.cpp.o)
                0x00002638                SERCOM::initSPIClock(SercomSpiClockMode, unsigned long)
 .text._ZN6SERCOM8resetSPIEv
                0x00002668       0x1a C:\Users\laure\AppData\Local\arduino\sketches\C631ABB22ACAF661818192E34083C7BD/..\..\cores\arduino_samd_mkr1000_15fe817aae796c142fa2dce464418383\core.a(SERCOM.cpp.o)
                0x00002668                SERCOM::resetSPI()
 .text._ZN6SERCOM9enableSPIEv
                0x00002682       0x14 C:\Users\laure\AppData\Local\arduino\sketches\C631ABB22ACAF661818192E34083C7BD/..\..\cores\arduino_samd_mkr1000_15fe817aae796c142fa2dce464418383\core.a(SERCOM.cpp.o)
                0x00002682                SERCOM::enableSPI()
 .text._ZN6SERCOM10disableSPIEv
                0x00002696       0x12 C:\Users\laure\AppData\Local\arduino\sketches\C631ABB22ACAF661818192E34083C7BD/..\..\cores\arduino_samd_mkr1000_15fe817aae796c142fa2dce464418383\core.a(SERCOM.cpp.o)
                0x00002696                SERCOM::disableSPI()
 .text._ZN6SERCOM15getDataOrderSPIEv
                0x000026a8        0xa C:\Users\laure\AppData\Local\arduino\sketches\C631ABB22ACAF661818192E34083C7BD/..\..\cores\arduino_samd_mkr1000_15fe817aae796c142fa2dce464418383\core.a(SERCOM.cpp.o)
                0x000026a8                SERCOM::getDataOrderSPI()
 .text._ZN6SERCOM15transferDataSPIEh
                0x000026b2       0x1a C:\Users\laure\AppData\Local\arduino\sketches\C631ABB22ACAF661818192E34083C7BD/..\..\cores\arduino_samd_mkr1000_15fe817aae796c142fa2dce464418383\core.a(SERCOM.cpp.o)
                0x000026b2                SERCOM::transferDataSPI(unsigned char)
 .text._ZN6SERCOM13initClockNVICEv
                0x000026cc       0xa8 C:\Users\laure\AppData\Local\arduino\sketches\C631ABB22ACAF661818192E34083C7BD/..\..\cores\arduino_samd_mkr1000_15fe817aae796c142fa2dce464418383\core.a(SERCOM.cpp.o)
                0x000026cc                SERCOM::initClockNVIC()
 .text._ZN6SERCOM8initUARTE14SercomUartMode20SercomUartSampleRatem
                0x00002774       0x6c C:\Users\laure\AppData\Local\arduino\sketches\C631ABB22ACAF661818192E34083C7BD/..\..\cores\arduino_samd_mkr1000_15fe817aae796c142fa2dce464418383\core.a(SERCOM.cpp.o)
                0x00002774                SERCOM::initUART(SercomUartMode, SercomUartSampleRate, unsigned long)
 .text._ZN6SERCOM7initSPIE14SercomSpiTXPad11SercomRXPad17SercomSpiCharSize15SercomDataOrder
                0x000027e0       0x4a C:\Users\laure\AppData\Local\arduino\sketches\C631ABB22ACAF661818192E34083C7BD/..\..\cores\arduino_samd_mkr1000_15fe817aae796c142fa2dce464418383\core.a(SERCOM.cpp.o)
                0x000027e0                SERCOM::initSPI(SercomSpiTXPad, SercomRXPad, SercomSpiCharSize, SercomDataOrder)
 .text._ZN4UartcvbEv
                0x0000282a        0x4 C:\Users\laure\AppData\Local\arduino\sketches\C631ABB22ACAF661818192E34083C7BD/..\..\cores\arduino_samd_mkr1000_15fe817aae796c142fa2dce464418383\core.a(Uart.cpp.o)
                0x0000282a                Uart::operator bool()
 *fill*         0x0000282e        0x2 
 .text._ZN4Uart5beginEm
                0x00002830       0x10 C:\Users\laure\AppData\Local\arduino\sketches\C631ABB22ACAF661818192E34083C7BD/..\..\cores\arduino_samd_mkr1000_15fe817aae796c142fa2dce464418383\core.a(Uart.cpp.o)
                0x00002830                Uart::begin(unsigned long)
 .text._ZN4Uart9availableEv
                0x00002840        0x6 C:\Users\laure\AppData\Local\arduino\sketches\C631ABB22ACAF661818192E34083C7BD/..\..\cores\arduino_samd_mkr1000_15fe817aae796c142fa2dce464418383\core.a(Uart.cpp.o)
                0x00002840                Uart::available()
 .text._ZN4Uart17availableForWriteEv
                0x00002846       0x10 C:\Users\laure\AppData\Local\arduino\sketches\C631ABB22ACAF661818192E34083C7BD/..\..\cores\arduino_samd_mkr1000_15fe817aae796c142fa2dce464418383\core.a(Uart.cpp.o)
                0x00002846                Uart::availableForWrite()
 .text._ZN4Uart4peekEv
                0x00002856       0x18 C:\Users\laure\AppData\Local\arduino\sketches\C631ABB22ACAF661818192E34083C7BD/..\..\cores\arduino_samd_mkr1000_15fe817aae796c142fa2dce464418383\core.a(Uart.cpp.o)
                0x00002856                Uart::peek()
 .text._ZN4Uart3endEv
                0x0000286e       0x24 C:\Users\laure\AppData\Local\arduino\sketches\C631ABB22ACAF661818192E34083C7BD/..\..\cores\arduino_samd_mkr1000_15fe817aae796c142fa2dce464418383\core.a(Uart.cpp.o)
                0x0000286e                Uart::end()
 .text._ZN4Uart5flushEv
                0x00002892       0x16 C:\Users\laure\AppData\Local\arduino\sketches\C631ABB22ACAF661818192E34083C7BD/..\..\cores\arduino_samd_mkr1000_15fe817aae796c142fa2dce464418383\core.a(Uart.cpp.o)
                0x00002892                Uart::flush()
 .text._ZN7__GuardD2Ev
                0x000028a8        0xe C:\Users\laure\AppData\Local\arduino\sketches\C631ABB22ACAF661818192E34083C7BD/..\..\cores\arduino_samd_mkr1000_15fe817aae796c142fa2dce464418383\core.a(Uart.cpp.o)
                0x000028a8                __Guard::~__Guard()
                0x000028a8                __Guard::~__Guard()
 .text._ZN4Uart16extractNbStopBitEt
                0x000028b6        0xc C:\Users\laure\AppData\Local\arduino\sketches\C631ABB22ACAF661818192E34083C7BD/..\..\cores\arduino_samd_mkr1000_15fe817aae796c142fa2dce464418383\core.a(Uart.cpp.o)
                0x000028b6                Uart::extractNbStopBit(unsigned short)
 .text._ZN4Uart15extractCharSizeEt
                0x000028c2       0x28 C:\Users\laure\AppData\Local\arduino\sketches\C631ABB22ACAF661818192E34083C7BD/..\..\cores\arduino_samd_mkr1000_15fe817aae796c142fa2dce464418383\core.a(Uart.cpp.o)
                0x000028c2                Uart::extractCharSize(unsigned short)
 .text._ZN4Uart13extractParityEt
                0x000028ea       0x14 C:\Users\laure\AppData\Local\arduino\sketches\C631ABB22ACAF661818192E34083C7BD/..\..\cores\arduino_samd_mkr1000_15fe817aae796c142fa2dce464418383\core.a(Uart.cpp.o)
                0x000028ea                Uart::extractParity(unsigned short)
 *fill*         0x000028fe        0x2 
 .text._ZN4Uart5beginEmt
                0x00002900       0xf8 C:\Users\laure\AppData\Local\arduino\sketches\C631ABB22ACAF661818192E34083C7BD/..\..\cores\arduino_samd_mkr1000_15fe817aae796c142fa2dce464418383\core.a(Uart.cpp.o)
                0x00002900                Uart::begin(unsigned long, unsigned short)
 .text._ZN7arduino11RingBufferNILi256EEC2Ev
                0x000029f8       0x1e C:\Users\laure\AppData\Local\arduino\sketches\C631ABB22ACAF661818192E34083C7BD/..\..\cores\arduino_samd_mkr1000_15fe817aae796c142fa2dce464418383\core.a(Uart.cpp.o)
                0x000029f8                arduino::RingBufferN<256>::RingBufferN()
                0x000029f8                arduino::RingBufferN<256>::RingBufferN()
 *fill*         0x00002a16        0x2 
 .text._ZN4UartC2EP6SERCOMhh11SercomRXPad15SercomUartTXPad
                0x00002a18       0x74 C:\Users\laure\AppData\Local\arduino\sketches\C631ABB22ACAF661818192E34083C7BD/..\..\cores\arduino_samd_mkr1000_15fe817aae796c142fa2dce464418383\core.a(Uart.cpp.o)
                0x00002a18                Uart::Uart(SERCOM*, unsigned char, unsigned char, SercomRXPad, SercomUartTXPad)
                0x00002a18                Uart::Uart(SERCOM*, unsigned char, unsigned char, SercomRXPad, SercomUartTXPad)
 .text._ZN7arduino15SafeRingBufferNILi256EE10store_charEh
                0x00002a8c       0x4a C:\Users\laure\AppData\Local\arduino\sketches\C631ABB22ACAF661818192E34083C7BD/..\..\cores\arduino_samd_mkr1000_15fe817aae796c142fa2dce464418383\core.a(Uart.cpp.o)
                0x00002a8c                arduino::SafeRingBufferN<256>::store_char(unsigned char)
 .text._ZN7arduino15SafeRingBufferNILi256EE9read_charEv
                0x00002ad6       0x50 C:\Users\laure\AppData\Local\arduino\sketches\C631ABB22ACAF661818192E34083C7BD/..\..\cores\arduino_samd_mkr1000_15fe817aae796c142fa2dce464418383\core.a(Uart.cpp.o)
                0x00002ad6                arduino::SafeRingBufferN<256>::read_char()
 .text._ZN4Uart10IrqHandlerEv
                0x00002b26       0xa4 C:\Users\laure\AppData\Local\arduino\sketches\C631ABB22ACAF661818192E34083C7BD/..\..\cores\arduino_samd_mkr1000_15fe817aae796c142fa2dce464418383\core.a(Uart.cpp.o)
                0x00002b26                Uart::IrqHandler()
 *fill*         0x00002bca        0x2 
 .text._ZN4Uart5writeEh
                0x00002bcc       0x9c C:\Users\laure\AppData\Local\arduino\sketches\C631ABB22ACAF661818192E34083C7BD/..\..\cores\arduino_samd_mkr1000_15fe817aae796c142fa2dce464418383\core.a(Uart.cpp.o)
                0x00002bcc                Uart::write(unsigned char)
 .text._ZN4Uart4readEv
                0x00002c68       0x34 C:\Users\laure\AppData\Local\arduino\sketches\C631ABB22ACAF661818192E34083C7BD/..\..\cores\arduino_samd_mkr1000_15fe817aae796c142fa2dce464418383\core.a(Uart.cpp.o)
                0x00002c68                Uart::read()
 .text._ZN7arduino5Print5writeEPKhj
                0x00002c9c       0x28 C:\Users\laure\AppData\Local\arduino\sketches\C631ABB22ACAF661818192E34083C7BD/..\..\cores\arduino_samd_mkr1000_15fe817aae796c142fa2dce464418383\core.a(Print.cpp.o)
                0x00002c9c                arduino::Print::write(unsigned char const*, unsigned int)
 .text.Dummy_Handler
                0x00002cc4        0x2 C:\Users\laure\AppData\Local\arduino\sketches\C631ABB22ACAF661818192E34083C7BD/..\..\cores\arduino_samd_mkr1000_15fe817aae796c142fa2dce464418383\core.a(cortex_handlers.c.o)
                0x00002cc4                DMAC_Handler
                0x00002cc4                HardFault_Handler
                0x00002cc4                AC_Handler
                0x00002cc4                PendSV_Handler
                0x00002cc4                NMI_Handler
                0x00002cc4                TC7_Handler
                0x00002cc4                SERCOM1_Handler
                0x00002cc4                ADC_Handler
                0x00002cc4                TCC1_Handler
                0x00002cc4                SERCOM2_Handler
                0x00002cc4                TCC0_Handler
                0x00002cc4                RTC_Handler
                0x00002cc4                EIC_Handler
                0x00002cc4                TC6_Handler
                0x00002cc4                WDT_Handler
                0x00002cc4                TC4_Handler
                0x00002cc4                TC3_Handler
                0x00002cc4                Dummy_Handler
                0x00002cc4                PM_Handler
                0x00002cc4                SVC_Handler
                0x00002cc4                TCC2_Handler
                0x00002cc4                EVSYS_Handler
                0x00002cc4                SERCOM3_Handler
                0x00002cc4                SERCOM4_Handler
                0x00002cc4                I2S_Handler
                0x00002cc4                NVMCTRL_Handler
                0x00002cc4                SERCOM0_Handler
                0x00002cc4                DAC_Handler
                0x00002cc4                PTC_Handler
                0x00002cc4                SYSCTRL_Handler
 *fill*         0x00002cc6        0x2 
 .text.USB_Handler
                0x00002cc8       0x14 C:\Users\laure\AppData\Local\arduino\sketches\C631ABB22ACAF661818192E34083C7BD/..\..\cores\arduino_samd_mkr1000_15fe817aae796c142fa2dce464418383\core.a(cortex_handlers.c.o)
                0x00002cc8                USB_Handler
 .text.Reset_Handler
                0x00002cdc       0x54 C:\Users\laure\AppData\Local\arduino\sketches\C631ABB22ACAF661818192E34083C7BD/..\..\cores\arduino_samd_mkr1000_15fe817aae796c142fa2dce464418383\core.a(cortex_handlers.c.o)
                0x00002cdc                Reset_Handler
 .text.SysTick_Handler
                0x00002d30       0x10 C:\Users\laure\AppData\Local\arduino\sketches\C631ABB22ACAF661818192E34083C7BD/..\..\cores\arduino_samd_mkr1000_15fe817aae796c142fa2dce464418383\core.a(cortex_handlers.c.o)
                0x00002d30                SysTick_Handler
 .text.USB_SetHandler
                0x00002d40        0xc C:\Users\laure\AppData\Local\arduino\sketches\C631ABB22ACAF661818192E34083C7BD/..\..\cores\arduino_samd_mkr1000_15fe817aae796c142fa2dce464418383\core.a(cortex_handlers.c.o)
                0x00002d40                USB_SetHandler
 .text.millis   0x00002d4c        0xc C:\Users\laure\AppData\Local\arduino\sketches\C631ABB22ACAF661818192E34083C7BD/..\..\cores\arduino_samd_mkr1000_15fe817aae796c142fa2dce464418383\core.a(delay.c.o)
                0x00002d4c                millis
 .text.micros   0x00002d58       0x60 C:\Users\laure\AppData\Local\arduino\sketches\C631ABB22ACAF661818192E34083C7BD/..\..\cores\arduino_samd_mkr1000_15fe817aae796c142fa2dce464418383\core.a(delay.c.o)
                0x00002d58                micros
 .text.delay    0x00002db8       0x30 C:\Users\laure\AppData\Local\arduino\sketches\C631ABB22ACAF661818192E34083C7BD/..\..\cores\arduino_samd_mkr1000_15fe817aae796c142fa2dce464418383\core.a(delay.c.o)
                0x00002db8                delay
 .text.resetExternalChip
                0x00002de8        0x2 C:\Users\laure\AppData\Local\arduino\sketches\C631ABB22ACAF661818192E34083C7BD/..\..\cores\arduino_samd_mkr1000_15fe817aae796c142fa2dce464418383\core.a(delay.c.o)
                0x00002de8                resetExternalChip
 *fill*         0x00002dea        0x2 
 .text.SysTick_DefaultHandler
                0x00002dec       0x14 C:\Users\laure\AppData\Local\arduino\sketches\C631ABB22ACAF661818192E34083C7BD/..\..\cores\arduino_samd_mkr1000_15fe817aae796c142fa2dce464418383\core.a(delay.c.o)
                0x00002dec                SysTick_DefaultHandler
 .text.__empty  0x00002e00        0x2 C:\Users\laure\AppData\Local\arduino\sketches\C631ABB22ACAF661818192E34083C7BD/..\..\cores\arduino_samd_mkr1000_15fe817aae796c142fa2dce464418383\core.a(hooks.c.o)
                0x00002e00                yield
 .text.__false  0x00002e02        0x4 C:\Users\laure\AppData\Local\arduino\sketches\C631ABB22ACAF661818192E34083C7BD/..\..\cores\arduino_samd_mkr1000_15fe817aae796c142fa2dce464418383\core.a(hooks.c.o)
                0x00002e02                sysTickHook
 .text.initVariant
                0x00002e06        0x2 C:\Users\laure\AppData\Local\arduino\sketches\C631ABB22ACAF661818192E34083C7BD/..\..\cores\arduino_samd_mkr1000_15fe817aae796c142fa2dce464418383\core.a(main.cpp.o)
                0x00002e06                initVariant
 .text.startup.main
                0x00002e08       0x40 C:\Users\laure\AppData\Local\arduino\sketches\C631ABB22ACAF661818192E34083C7BD/..\..\cores\arduino_samd_mkr1000_15fe817aae796c142fa2dce464418383\core.a(main.cpp.o)
                0x00002e08                main
 .text._Znwj    0x00002e48        0x8 C:\Users\laure\AppData\Local\arduino\sketches\C631ABB22ACAF661818192E34083C7BD/..\..\cores\arduino_samd_mkr1000_15fe817aae796c142fa2dce464418383\core.a(new.cpp.o)
                0x00002e48                operator new(unsigned int)
 .text._ZdlPv   0x00002e50        0x8 C:\Users\laure\AppData\Local\arduino\sketches\C631ABB22ACAF661818192E34083C7BD/..\..\cores\arduino_samd_mkr1000_15fe817aae796c142fa2dce464418383\core.a(new.cpp.o)
                0x00002e50                operator delete(void*)
 .text.SystemInit
                0x00002e58      0x160 C:\Users\laure\AppData\Local\arduino\sketches\C631ABB22ACAF661818192E34083C7BD/..\..\cores\arduino_samd_mkr1000_15fe817aae796c142fa2dce464418383\core.a(startup.c.o)
                0x00002e58                SystemInit
 .text.init     0x00002fb8       0xf0 C:\Users\laure\AppData\Local\arduino\sketches\C631ABB22ACAF661818192E34083C7BD/..\..\cores\arduino_samd_mkr1000_15fe817aae796c142fa2dce464418383\core.a(wiring.c.o)
                0x00002fb8                init
 .text.analogReference
                0x000030a8       0x64 C:\Users\laure\AppData\Local\arduino\sketches\C631ABB22ACAF661818192E34083C7BD/..\..\cores\arduino_samd_mkr1000_15fe817aae796c142fa2dce464418383\core.a(wiring_analog.c.o)
                0x000030a8                analogReference
 .text.pinMode  0x0000310c       0x98 C:\Users\laure\AppData\Local\arduino\sketches\C631ABB22ACAF661818192E34083C7BD/..\..\cores\arduino_samd_mkr1000_15fe817aae796c142fa2dce464418383\core.a(wiring_digital.c.o)
                0x0000310c                pinMode
 .text.digitalWrite
                0x000031a4       0x58 C:\Users\laure\AppData\Local\arduino\sketches\C631ABB22ACAF661818192E34083C7BD/..\..\cores\arduino_samd_mkr1000_15fe817aae796c142fa2dce464418383\core.a(wiring_digital.c.o)
                0x000031a4                digitalWrite
 .text.pinPeripheral
                0x000031fc       0xc0 C:\Users\laure\AppData\Local\arduino\sketches\C631ABB22ACAF661818192E34083C7BD/..\..\cores\arduino_samd_mkr1000_15fe817aae796c142fa2dce464418383\core.a(wiring_private.c.o)
                0x000031fc                pinPeripheral
 .text.initiateReset
                0x000032bc       0x14 C:\Users\laure\AppData\Local\arduino\sketches\C631ABB22ACAF661818192E34083C7BD/..\..\cores\arduino_samd_mkr1000_15fe817aae796c142fa2dce464418383\core.a(Reset.cpp.o)
                0x000032bc                initiateReset
 .text.cancelReset
                0x000032d0       0x10 C:\Users\laure\AppData\Local\arduino\sketches\C631ABB22ACAF661818192E34083C7BD/..\..\cores\arduino_samd_mkr1000_15fe817aae796c142fa2dce464418383\core.a(Reset.cpp.o)
                0x000032d0                cancelReset
 .text.tickReset
                0x000032e0       0x78 C:\Users\laure\AppData\Local\arduino\sketches\C631ABB22ACAF661818192E34083C7BD/..\..\cores\arduino_samd_mkr1000_15fe817aae796c142fa2dce464418383\core.a(Reset.cpp.o)
                0x000032e0                tickReset
 .text._ZN26DoubleBufferedEPOutHandlerD2Ev
                0x00003358        0x2 C:\Users\laure\AppData\Local\arduino\sketches\C631ABB22ACAF661818192E34083C7BD/..\..\cores\arduino_samd_mkr1000_15fe817aae796c142fa2dce464418383\core.a(USBCore.cpp.o)
                0x00003358                DoubleBufferedEPOutHandler::~DoubleBufferedEPOutHandler()
                0x00003358                DoubleBufferedEPOutHandler::~DoubleBufferedEPOutHandler()
 .text._ZN26DoubleBufferedEPOutHandlerD0Ev
                0x0000335a        0xc C:\Users\laure\AppData\Local\arduino\sketches\C631ABB22ACAF661818192E34083C7BD/..\..\cores\arduino_samd_mkr1000_15fe817aae796c142fa2dce464418383\core.a(USBCore.cpp.o)
                0x0000335a                DoubleBufferedEPOutHandler::~DoubleBufferedEPOutHandler()
 *fill*         0x00003366        0x2 
 .text._ZN14USBDeviceClass6initEPEmm.part.7
                0x00003368       0xc4 C:\Users\laure\AppData\Local\arduino\sketches\C631ABB22ACAF661818192E34083C7BD/..\..\cores\arduino_samd_mkr1000_15fe817aae796c142fa2dce464418383\core.a(USBCore.cpp.o)
 .text._ZN7__GuardC2Ev
                0x0000342c        0xe C:\Users\laure\AppData\Local\arduino\sketches\C631ABB22ACAF661818192E34083C7BD/..\..\cores\arduino_samd_mkr1000_15fe817aae796c142fa2dce464418383\core.a(USBCore.cpp.o)
                0x0000342c                __Guard::__Guard()
                0x0000342c                __Guard::__Guard()
 .text._ZNK26DoubleBufferedEPOutHandler10_availableEv
                0x0000343a       0x70 C:\Users\laure\AppData\Local\arduino\sketches\C631ABB22ACAF661818192E34083C7BD/..\..\cores\arduino_samd_mkr1000_15fe817aae796c142fa2dce464418383\core.a(USBCore.cpp.o)
                0x0000343a                DoubleBufferedEPOutHandler::_available() const
 *fill*         0x000034aa        0x2 
 .text._ZN26DoubleBufferedEPOutHandler7releaseEv
                0x000034ac       0x38 C:\Users\laure\AppData\Local\arduino\sketches\C631ABB22ACAF661818192E34083C7BD/..\..\cores\arduino_samd_mkr1000_15fe817aae796c142fa2dce464418383\core.a(USBCore.cpp.o)
                0x000034ac                DoubleBufferedEPOutHandler::release()
 .text._ZN26DoubleBufferedEPOutHandler14handleEndpointEv
                0x000034e4       0xe2 C:\Users\laure\AppData\Local\arduino\sketches\C631ABB22ACAF661818192E34083C7BD/..\..\cores\arduino_samd_mkr1000_15fe817aae796c142fa2dce464418383\core.a(USBCore.cpp.o)
                0x000034e4                DoubleBufferedEPOutHandler::handleEndpoint()
 .text._ZN14USBDeviceClass14SendInterfacesEPm
                0x000035c6       0x20 C:\Users\laure\AppData\Local\arduino\sketches\C631ABB22ACAF661818192E34083C7BD/..\..\cores\arduino_samd_mkr1000_15fe817aae796c142fa2dce464418383\core.a(USBCore.cpp.o)
                0x000035c6                USBDeviceClass::SendInterfaces(unsigned long*)
 *fill*         0x000035e6        0x2 
 .text._ZN14USBDeviceClass6attachEv
                0x000035e8       0x34 C:\Users\laure\AppData\Local\arduino\sketches\C631ABB22ACAF661818192E34083C7BD/..\..\cores\arduino_samd_mkr1000_15fe817aae796c142fa2dce464418383\core.a(USBCore.cpp.o)
                0x000035e8                USBDeviceClass::attach()
 .text._ZN14USBDeviceClass10setAddressEm
                0x0000361c       0x48 C:\Users\laure\AppData\Local\arduino\sketches\C631ABB22ACAF661818192E34083C7BD/..\..\cores\arduino_samd_mkr1000_15fe817aae796c142fa2dce464418383\core.a(USBCore.cpp.o)
                0x0000361c                USBDeviceClass::setAddress(unsigned long)
 .text._ZN14USBDeviceClass25handleClassInterfaceSetupERN7arduino8USBSetupE
                0x00003664       0x24 C:\Users\laure\AppData\Local\arduino\sketches\C631ABB22ACAF661818192E34083C7BD/..\..\cores\arduino_samd_mkr1000_15fe817aae796c142fa2dce464418383\core.a(USBCore.cpp.o)
                0x00003664                USBDeviceClass::handleClassInterfaceSetup(arduino::USBSetup&)
 .text._ZN14USBDeviceClass6initEPEmm
                0x00003688      0x10c C:\Users\laure\AppData\Local\arduino\sketches\C631ABB22ACAF661818192E34083C7BD/..\..\cores\arduino_samd_mkr1000_15fe817aae796c142fa2dce464418383\core.a(USBCore.cpp.o)
                0x00003688                USBDeviceClass::initEP(unsigned long, unsigned long)
 .text._ZN14USBDeviceClass13initEndpointsEv
                0x00003794       0x24 C:\Users\laure\AppData\Local\arduino\sketches\C631ABB22ACAF661818192E34083C7BD/..\..\cores\arduino_samd_mkr1000_15fe817aae796c142fa2dce464418383\core.a(USBCore.cpp.o)
                0x00003794                USBDeviceClass::initEndpoints()
 .text._ZN14USBDeviceClass5clearEm
                0x000037b8       0x38 C:\Users\laure\AppData\Local\arduino\sketches\C631ABB22ACAF661818192E34083C7BD/..\..\cores\arduino_samd_mkr1000_15fe817aae796c142fa2dce464418383\core.a(USBCore.cpp.o)
                0x000037b8                USBDeviceClass::clear(unsigned long)
 .text._ZN14USBDeviceClass9availableEm
                0x000037f0       0x2c C:\Users\laure\AppData\Local\arduino\sketches\C631ABB22ACAF661818192E34083C7BD/..\..\cores\arduino_samd_mkr1000_15fe817aae796c142fa2dce464418383\core.a(USBCore.cpp.o)
                0x000037f0                USBDeviceClass::available(unsigned long)
 .text._ZN14USBDeviceClass5flushEm
                0x0000381c       0x2c C:\Users\laure\AppData\Local\arduino\sketches\C631ABB22ACAF661818192E34083C7BD/..\..\cores\arduino_samd_mkr1000_15fe817aae796c142fa2dce464418383\core.a(USBCore.cpp.o)
                0x0000381c                USBDeviceClass::flush(unsigned long)
 .text._ZN14USBDeviceClass4recvEmPvm
                0x00003848       0xc0 C:\Users\laure\AppData\Local\arduino\sketches\C631ABB22ACAF661818192E34083C7BD/..\..\cores\arduino_samd_mkr1000_15fe817aae796c142fa2dce464418383\core.a(USBCore.cpp.o)
                0x00003848                USBDeviceClass::recv(unsigned long, void*, unsigned long)
 .text._ZN14USBDeviceClass4recvEm
                0x00003908       0x1c C:\Users\laure\AppData\Local\arduino\sketches\C631ABB22ACAF661818192E34083C7BD/..\..\cores\arduino_samd_mkr1000_15fe817aae796c142fa2dce464418383\core.a(USBCore.cpp.o)
                0x00003908                USBDeviceClass::recv(unsigned long)
 .text._ZN14USBDeviceClass14armRecvCtrlOUTEm
                0x00003924       0x5c C:\Users\laure\AppData\Local\arduino\sketches\C631ABB22ACAF661818192E34083C7BD/..\..\cores\arduino_samd_mkr1000_15fe817aae796c142fa2dce464418383\core.a(USBCore.cpp.o)
                0x00003924                USBDeviceClass::armRecvCtrlOUT(unsigned long)
 .text._ZN14USBDeviceClass11recvControlEPvm
                0x00003980       0x28 C:\Users\laure\AppData\Local\arduino\sketches\C631ABB22ACAF661818192E34083C7BD/..\..\cores\arduino_samd_mkr1000_15fe817aae796c142fa2dce464418383\core.a(USBCore.cpp.o)
                0x00003980                USBDeviceClass::recvControl(void*, unsigned long)
 .text._ZN14USBDeviceClass4sendEmPKvm
                0x000039a8      0x10c C:\Users\laure\AppData\Local\arduino\sketches\C631ABB22ACAF661818192E34083C7BD/..\..\cores\arduino_samd_mkr1000_15fe817aae796c142fa2dce464418383\core.a(USBCore.cpp.o)
                0x000039a8                USBDeviceClass::send(unsigned long, void const*, unsigned long)
 .text._ZN14USBDeviceClass7armSendEmPKvm
                0x00003ab4       0x48 C:\Users\laure\AppData\Local\arduino\sketches\C631ABB22ACAF661818192E34083C7BD/..\..\cores\arduino_samd_mkr1000_15fe817aae796c142fa2dce464418383\core.a(USBCore.cpp.o)
                0x00003ab4                USBDeviceClass::armSend(unsigned long, void const*, unsigned long)
 .text._ZN14USBDeviceClass11sendControlEPKvm
                0x00003afc       0x54 C:\Users\laure\AppData\Local\arduino\sketches\C631ABB22ACAF661818192E34083C7BD/..\..\cores\arduino_samd_mkr1000_15fe817aae796c142fa2dce464418383\core.a(USBCore.cpp.o)
                0x00003afc                USBDeviceClass::sendControl(void const*, unsigned long)
 .text._ZN14USBDeviceClass20sendStringDescriptorEPKhm
                0x00003b50       0x64 C:\Users\laure\AppData\Local\arduino\sketches\C631ABB22ACAF661818192E34083C7BD/..\..\cores\arduino_samd_mkr1000_15fe817aae796c142fa2dce464418383\core.a(USBCore.cpp.o)
                0x00003b50                USBDeviceClass::sendStringDescriptor(unsigned char const*, unsigned long)
 .text._ZN14USBDeviceClass17sendConfigurationEm
                0x00003bb4       0x80 C:\Users\laure\AppData\Local\arduino\sketches\C631ABB22ACAF661818192E34083C7BD/..\..\cores\arduino_samd_mkr1000_15fe817aae796c142fa2dce464418383\core.a(USBCore.cpp.o)
                0x00003bb4                USBDeviceClass::sendConfiguration(unsigned long)
 .text._ZN14USBDeviceClass14sendDescriptorERN7arduino8USBSetupE
                0x00003c34       0xd8 C:\Users\laure\AppData\Local\arduino\sketches\C631ABB22ACAF661818192E34083C7BD/..\..\cores\arduino_samd_mkr1000_15fe817aae796c142fa2dce464418383\core.a(USBCore.cpp.o)
                0x00003c34                USBDeviceClass::sendDescriptor(arduino::USBSetup&)
 .text._ZN14USBDeviceClass7sendZlpEm
                0x00003d0c       0x18 C:\Users\laure\AppData\Local\arduino\sketches\C631ABB22ACAF661818192E34083C7BD/..\..\cores\arduino_samd_mkr1000_15fe817aae796c142fa2dce464418383\core.a(USBCore.cpp.o)
                0x00003d0c                USBDeviceClass::sendZlp(unsigned long)
 .text._ZN14USBDeviceClass19handleStandardSetupERN7arduino8USBSetupE
                0x00003d24       0xf0 C:\Users\laure\AppData\Local\arduino\sketches\C631ABB22ACAF661818192E34083C7BD/..\..\cores\arduino_samd_mkr1000_15fe817aae796c142fa2dce464418383\core.a(USBCore.cpp.o)
                0x00003d24                USBDeviceClass::handleStandardSetup(arduino::USBSetup&)
 .text._ZN14USBDeviceClass10ISRHandlerEv
                0x00003e14      0x108 C:\Users\laure\AppData\Local\arduino\sketches\C631ABB22ACAF661818192E34083C7BD/..\..\cores\arduino_samd_mkr1000_15fe817aae796c142fa2dce464418383\core.a(USBCore.cpp.o)
                0x00003e14                USBDeviceClass::ISRHandler()
 .text.UDD_Handler
                0x00003f1c       0x10 C:\Users\laure\AppData\Local\arduino\sketches\C631ABB22ACAF661818192E34083C7BD/..\..\cores\arduino_samd_mkr1000_15fe817aae796c142fa2dce464418383\core.a(USBCore.cpp.o)
                0x00003f1c                UDD_Handler
 .text._ZN7arduino13PluggableUSB_C2Ev
                0x00003f2c       0x10 C:\Users\laure\AppData\Local\arduino\sketches\C631ABB22ACAF661818192E34083C7BD/..\..\cores\arduino_samd_mkr1000_15fe817aae796c142fa2dce464418383\core.a(USBCore.cpp.o)
                0x00003f2c                arduino::PluggableUSB_::PluggableUSB_()
                0x00003f2c                arduino::PluggableUSB_::PluggableUSB_()
 .text._Z8epBufferj
                0x00003f3c        0xc C:\Users\laure\AppData\Local\arduino\sketches\C631ABB22ACAF661818192E34083C7BD/..\..\cores\arduino_samd_mkr1000_15fe817aae796c142fa2dce464418383\core.a(USBCore.cpp.o)
                0x00003f3c                epBuffer(unsigned int)
 .text._ZN7arduino11RingBufferNILi64EE10store_charEh
                0x00003f48       0x1c C:\Users\laure\AppData\Local\arduino\sketches\C631ABB22ACAF661818192E34083C7BD/..\..\cores\arduino_samd_mkr1000_15fe817aae796c142fa2dce464418383\core.a(USBCore.cpp.o)
                0x00003f48                arduino::RingBufferN<64>::store_char(unsigned char)
 .text._ZN26DoubleBufferedEPOutHandler5_recvEv
                0x00003f64      0x15e C:\Users\laure\AppData\Local\arduino\sketches\C631ABB22ACAF661818192E34083C7BD/..\..\cores\arduino_samd_mkr1000_15fe817aae796c142fa2dce464418383\core.a(USBCore.cpp.o)
                0x00003f64                DoubleBufferedEPOutHandler::_recv()
 .text._ZN26DoubleBufferedEPOutHandler9availableEv
                0x000040c2        0xc C:\Users\laure\AppData\Local\arduino\sketches\C631ABB22ACAF661818192E34083C7BD/..\..\cores\arduino_samd_mkr1000_15fe817aae796c142fa2dce464418383\core.a(USBCore.cpp.o)
                0x000040c2                DoubleBufferedEPOutHandler::available()
 .text._ZN26DoubleBufferedEPOutHandler4peekEv
                0x000040ce       0x1c C:\Users\laure\AppData\Local\arduino\sketches\C631ABB22ACAF661818192E34083C7BD/..\..\cores\arduino_samd_mkr1000_15fe817aae796c142fa2dce464418383\core.a(USBCore.cpp.o)
                0x000040ce                DoubleBufferedEPOutHandler::peek()
 .text._ZN26DoubleBufferedEPOutHandler4recvEPvm
                0x000040ea       0x60 C:\Users\laure\AppData\Local\arduino\sketches\C631ABB22ACAF661818192E34083C7BD/..\..\cores\arduino_samd_mkr1000_15fe817aae796c142fa2dce464418383\core.a(USBCore.cpp.o)
                0x000040ea                DoubleBufferedEPOutHandler::recv(void*, unsigned long)
 *fill*         0x0000414a        0x2 
 .text.startup._GLOBAL__sub_I_usbd
                0x0000414c       0x10 C:\Users\laure\AppData\Local\arduino\sketches\C631ABB22ACAF661818192E34083C7BD/..\..\cores\arduino_samd_mkr1000_15fe817aae796c142fa2dce464418383\core.a(USBCore.cpp.o)
 .text._ZN14USBDeviceClass4initEv
                0x0000415c      0x15c C:\Users\laure\AppData\Local\arduino\sketches\C631ABB22ACAF661818192E34083C7BD/..\..\cores\arduino_samd_mkr1000_15fe817aae796c142fa2dce464418383\core.a(USBCore.cpp.o)
                0x0000415c                USBDeviceClass::init()
 .text._ZN7arduino13PluggableUSB_12getInterfaceEPh
                0x000042b8       0x28 C:\Users\laure\AppData\Local\arduino\sketches\C631ABB22ACAF661818192E34083C7BD/..\..\cores\arduino_samd_mkr1000_15fe817aae796c142fa2dce464418383\core.a(PluggableUSB.cpp.o)
                0x000042b8                arduino::PluggableUSB_::getInterface(unsigned char*)
 .text._ZN7arduino13PluggableUSB_13getDescriptorERNS_8USBSetupE
                0x000042e0       0x20 C:\Users\laure\AppData\Local\arduino\sketches\C631ABB22ACAF661818192E34083C7BD/..\..\cores\arduino_samd_mkr1000_15fe817aae796c142fa2dce464418383\core.a(PluggableUSB.cpp.o)
                0x000042e0                arduino::PluggableUSB_::getDescriptor(arduino::USBSetup&)
 .text._ZN7arduino13PluggableUSB_12getShortNameEPc
                0x00004300       0x1e C:\Users\laure\AppData\Local\arduino\sketches\C631ABB22ACAF661818192E34083C7BD/..\..\cores\arduino_samd_mkr1000_15fe817aae796c142fa2dce464418383\core.a(PluggableUSB.cpp.o)
                0x00004300                arduino::PluggableUSB_::getShortName(char*)
 .text._ZN7arduino13PluggableUSB_5setupERNS_8USBSetupE
                0x0000431e       0x20 C:\Users\laure\AppData\Local\arduino\sketches\C631ABB22ACAF661818192E34083C7BD/..\..\cores\arduino_samd_mkr1000_15fe817aae796c142fa2dce464418383\core.a(PluggableUSB.cpp.o)
                0x0000431e                arduino::PluggableUSB_::setup(arduino::USBSetup&)
 .text._ZN7arduino13PluggableUSB_4plugEPNS_18PluggableUSBModuleE
                0x0000433e       0x5c C:\Users\laure\AppData\Local\arduino\sketches\C631ABB22ACAF661818192E34083C7BD/..\..\cores\arduino_samd_mkr1000_15fe817aae796c142fa2dce464418383\core.a(PluggableUSB.cpp.o)
                0x0000433e                arduino::PluggableUSB_::plug(arduino::PluggableUSBModule*)
 *fill*         0x0000439a        0x2 
 .text._Z12PluggableUSBv
                0x0000439c       0x24 C:\Users\laure\AppData\Local\arduino\sketches\C631ABB22ACAF661818192E34083C7BD/..\..\cores\arduino_samd_mkr1000_15fe817aae796c142fa2dce464418383\core.a(PluggableUSB.cpp.o)
                0x0000439c                PluggableUSB()
 .text._ZN7Serial_13getDescriptorERN7arduino8USBSetupE
                0x000043c0        0x4 C:\Users\laure\AppData\Local\arduino\sketches\C631ABB22ACAF661818192E34083C7BD/..\..\cores\arduino_samd_mkr1000_15fe817aae796c142fa2dce464418383\core.a(CDC.cpp.o)
                0x000043c0                Serial_::getDescriptor(arduino::USBSetup&)
 .text._ZL5utox8mPc
                0x000043c4       0x24 C:\Users\laure\AppData\Local\arduino\sketches\C631ABB22ACAF661818192E34083C7BD/..\..\cores\arduino_samd_mkr1000_15fe817aae796c142fa2dce464418383\core.a(CDC.cpp.o)
 .text._ZN7Serial_12getShortNameEPc
                0x000043e8       0x44 C:\Users\laure\AppData\Local\arduino\sketches\C631ABB22ACAF661818192E34083C7BD/..\..\cores\arduino_samd_mkr1000_15fe817aae796c142fa2dce464418383\core.a(CDC.cpp.o)
                0x000043e8                Serial_::getShortName(char*)
 .text._ZThn16_N7Serial_12getShortNameEPc
                0x0000442c       0x10 C:\Users\laure\AppData\Local\arduino\sketches\C631ABB22ACAF661818192E34083C7BD/..\..\cores\arduino_samd_mkr1000_15fe817aae796c142fa2dce464418383\core.a(CDC.cpp.o)
                0x0000442c                non-virtual thunk to Serial_::getShortName(char*)
 .text._ZN7Serial_5beginEm
                0x0000443c        0x2 C:\Users\laure\AppData\Local\arduino\sketches\C631ABB22ACAF661818192E34083C7BD/..\..\cores\arduino_samd_mkr1000_15fe817aae796c142fa2dce464418383\core.a(CDC.cpp.o)
                0x0000443c                Serial_::begin(unsigned long)
 .text._ZN7Serial_5beginEmt
                0x0000443e        0x2 C:\Users\laure\AppData\Local\arduino\sketches\C631ABB22ACAF661818192E34083C7BD/..\..\cores\arduino_samd_mkr1000_15fe817aae796c142fa2dce464418383\core.a(CDC.cpp.o)
                0x0000443e                Serial_::begin(unsigned long, unsigned short)
 .text._ZN7Serial_17availableForWriteEv
                0x00004440        0x4 C:\Users\laure\AppData\Local\arduino\sketches\C631ABB22ACAF661818192E34083C7BD/..\..\cores\arduino_samd_mkr1000_15fe817aae796c142fa2dce464418383\core.a(CDC.cpp.o)
                0x00004440                Serial_::availableForWrite()
 .text._ZN7Serial_5writeEh
                0x00004444       0x14 C:\Users\laure\AppData\Local\arduino\sketches\C631ABB22ACAF661818192E34083C7BD/..\..\cores\arduino_samd_mkr1000_15fe817aae796c142fa2dce464418383\core.a(CDC.cpp.o)
                0x00004444                Serial_::write(unsigned char)
 .text._ZN7Serial_12getInterfaceEPh
                0x00004458      0x11c C:\Users\laure\AppData\Local\arduino\sketches\C631ABB22ACAF661818192E34083C7BD/..\..\cores\arduino_samd_mkr1000_15fe817aae796c142fa2dce464418383\core.a(CDC.cpp.o)
                0x00004458                Serial_::getInterface(unsigned char*)
 .text._ZThn16_N7Serial_12getInterfaceEPh
                0x00004574       0x10 C:\Users\laure\AppData\Local\arduino\sketches\C631ABB22ACAF661818192E34083C7BD/..\..\cores\arduino_samd_mkr1000_15fe817aae796c142fa2dce464418383\core.a(CDC.cpp.o)
                0x00004574                non-virtual thunk to Serial_::getInterface(unsigned char*)
 .text._ZN7Serial_5setupERN7arduino8USBSetupE
                0x00004584       0x9c C:\Users\laure\AppData\Local\arduino\sketches\C631ABB22ACAF661818192E34083C7BD/..\..\cores\arduino_samd_mkr1000_15fe817aae796c142fa2dce464418383\core.a(CDC.cpp.o)
                0x00004584                Serial_::setup(arduino::USBSetup&)
 .text._ZThn16_N7Serial_5setupERN7arduino8USBSetupE
                0x00004620       0x10 C:\Users\laure\AppData\Local\arduino\sketches\C631ABB22ACAF661818192E34083C7BD/..\..\cores\arduino_samd_mkr1000_15fe817aae796c142fa2dce464418383\core.a(CDC.cpp.o)
                0x00004620                non-virtual thunk to Serial_::setup(arduino::USBSetup&)
 .text._ZN7Serial_3endEv
                0x00004630        0xe C:\Users\laure\AppData\Local\arduino\sketches\C631ABB22ACAF661818192E34083C7BD/..\..\cores\arduino_samd_mkr1000_15fe817aae796c142fa2dce464418383\core.a(CDC.cpp.o)
                0x00004630                Serial_::end()
 *fill*         0x0000463e        0x2 
 .text._ZN7Serial_9availableEv
                0x00004640       0x20 C:\Users\laure\AppData\Local\arduino\sketches\C631ABB22ACAF661818192E34083C7BD/..\..\cores\arduino_samd_mkr1000_15fe817aae796c142fa2dce464418383\core.a(CDC.cpp.o)
                0x00004640                Serial_::available()
 .text._ZN7Serial_5flushEv
                0x00004660        0xe C:\Users\laure\AppData\Local\arduino\sketches\C631ABB22ACAF661818192E34083C7BD/..\..\cores\arduino_samd_mkr1000_15fe817aae796c142fa2dce464418383\core.a(CDC.cpp.o)
                0x00004660                Serial_::flush()
 .text._ZN7Serial_5clearEv
                0x0000466e        0xe C:\Users\laure\AppData\Local\arduino\sketches\C631ABB22ACAF661818192E34083C7BD/..\..\cores\arduino_samd_mkr1000_15fe817aae796c142fa2dce464418383\core.a(CDC.cpp.o)
                0x0000466e                Serial_::clear()
 .text._ZN7Serial_5writeEPKhj
                0x0000467c       0x1e C:\Users\laure\AppData\Local\arduino\sketches\C631ABB22ACAF661818192E34083C7BD/..\..\cores\arduino_samd_mkr1000_15fe817aae796c142fa2dce464418383\core.a(CDC.cpp.o)
                0x0000467c                Serial_::write(unsigned char const*, unsigned int)
 *fill*         0x0000469a        0x2 
 .text._ZN7Serial_4peekEv
                0x0000469c       0x1c C:\Users\laure\AppData\Local\arduino\sketches\C631ABB22ACAF661818192E34083C7BD/..\..\cores\arduino_samd_mkr1000_15fe817aae796c142fa2dce464418383\core.a(CDC.cpp.o)
                0x0000469c                Serial_::peek()
 .text._ZN7Serial_4readEv
                0x000046b8       0x24 C:\Users\laure\AppData\Local\arduino\sketches\C631ABB22ACAF661818192E34083C7BD/..\..\cores\arduino_samd_mkr1000_15fe817aae796c142fa2dce464418383\core.a(CDC.cpp.o)
                0x000046b8                Serial_::read()
 .text._ZN7Serial_cvbEv
                0x000046dc       0x26 C:\Users\laure\AppData\Local\arduino\sketches\C631ABB22ACAF661818192E34083C7BD/..\..\cores\arduino_samd_mkr1000_15fe817aae796c142fa2dce464418383\core.a(CDC.cpp.o)
                0x000046dc                Serial_::operator bool()
 .text._ZThn16_N7Serial_13getDescriptorERN7arduino8USBSetupE
                0x00004702        0x4 C:\Users\laure\AppData\Local\arduino\sketches\C631ABB22ACAF661818192E34083C7BD/..\..\cores\arduino_samd_mkr1000_15fe817aae796c142fa2dce464418383\core.a(CDC.cpp.o)
                0x00004702                non-virtual thunk to Serial_::getDescriptor(arduino::USBSetup&)
 .text._ZN7Serial_14handleEndpointEi
                0x00004706        0x2 C:\Users\laure\AppData\Local\arduino\sketches\C631ABB22ACAF661818192E34083C7BD/..\..\cores\arduino_samd_mkr1000_15fe817aae796c142fa2dce464418383\core.a(CDC.cpp.o)
                0x00004706                Serial_::handleEndpoint(int)
 .text._ZN7Serial_C2ER14USBDeviceClass
                0x00004708       0x5c C:\Users\laure\AppData\Local\arduino\sketches\C631ABB22ACAF661818192E34083C7BD/..\..\cores\arduino_samd_mkr1000_15fe817aae796c142fa2dce464418383\core.a(CDC.cpp.o)
                0x00004708                Serial_::Serial_(USBDeviceClass&)
                0x00004708                Serial_::Serial_(USBDeviceClass&)
 .text._ZN7Serial_15enableInterruptEv
                0x00004764       0x30 C:\Users\laure\AppData\Local\arduino\sketches\C631ABB22ACAF661818192E34083C7BD/..\..\cores\arduino_samd_mkr1000_15fe817aae796c142fa2dce464418383\core.a(CDC.cpp.o)
                0x00004764                Serial_::enableInterrupt()
 .text.startup._GLOBAL__sub_I__ZN7Serial_12getInterfaceEPh
                0x00004794       0x14 C:\Users\laure\AppData\Local\arduino\sketches\C631ABB22ACAF661818192E34083C7BD/..\..\cores\arduino_samd_mkr1000_15fe817aae796c142fa2dce464418383\core.a(CDC.cpp.o)
 .text.__aeabi_atexit
                0x000047a8        0xe c:/users/laure/appdata/local/arduino15/packages/arduino/tools/arm-none-eabi-gcc/7-2017q4/bin/../lib/gcc/arm-none-eabi/7.2.1/../../../../arm-none-eabi/lib/thumb/v6-m\libstdc++_nano.a(atexit_arm.o)
                0x000047a8                __aeabi_atexit
 *fill*         0x000047b6        0x2 
 .text          0x000047b8       0x14 c:/users/laure/appdata/local/arduino15/packages/arduino/tools/arm-none-eabi-gcc/7-2017q4/bin/../lib/gcc/arm-none-eabi/7.2.1/thumb/v6-m\libgcc.a(_thumb1_case_uqi.o)
                0x000047b8                __gnu_thumb1_case_uqi
 .text          0x000047cc      0x114 c:/users/laure/appdata/local/arduino15/packages/arduino/tools/arm-none-eabi-gcc/7-2017q4/bin/../lib/gcc/arm-none-eabi/7.2.1/thumb/v6-m\libgcc.a(_udivsi3.o)
                0x000047cc                __aeabi_uidiv
                0x000047cc                __udivsi3
                0x000048d8                __aeabi_uidivmod
 .text          0x000048e0        0x4 c:/users/laure/appdata/local/arduino15/packages/arduino/tools/arm-none-eabi-gcc/7-2017q4/bin/../lib/gcc/arm-none-eabi/7.2.1/thumb/v6-m\libgcc.a(_dvmd_tls.o)
                0x000048e0                __aeabi_idiv0
                0x000048e0                __aeabi_ldiv0
 .text.__cxa_atexit
                0x000048e4       0x1c c:/users/laure/appdata/local/arduino15/packages/arduino/tools/arm-none-eabi-gcc/7-2017q4/bin/../lib/gcc/arm-none-eabi/7.2.1/../../../../arm-none-eabi/lib/thumb/v6-m\libc_nano.a(lib_a-cxa_atexit.o)
                0x000048e4                __cxa_atexit
 .text.__libc_init_array
                0x00004900       0x48 c:/users/laure/appdata/local/arduino15/packages/arduino/tools/arm-none-eabi-gcc/7-2017q4/bin/../lib/gcc/arm-none-eabi/7.2.1/../../../../arm-none-eabi/lib/thumb/v6-m\libc_nano.a(lib_a-init.o)
                0x00004900                __libc_init_array
 .text.malloc   0x00004948       0x14 c:/users/laure/appdata/local/arduino15/packages/arduino/tools/arm-none-eabi-gcc/7-2017q4/bin/../lib/gcc/arm-none-eabi/7.2.1/../../../../arm-none-eabi/lib/thumb/v6-m\libc_nano.a(lib_a-malloc.o)
                0x00004948                malloc
 .text.free     0x0000495c       0x14 c:/users/laure/appdata/local/arduino15/packages/arduino/tools/arm-none-eabi-gcc/7-2017q4/bin/../lib/gcc/arm-none-eabi/7.2.1/../../../../arm-none-eabi/lib/thumb/v6-m\libc_nano.a(lib_a-malloc.o)
                0x0000495c                free
 .text.memcpy   0x00004970       0x12 c:/users/laure/appdata/local/arduino15/packages/arduino/tools/arm-none-eabi-gcc/7-2017q4/bin/../lib/gcc/arm-none-eabi/7.2.1/../../../../arm-none-eabi/lib/thumb/v6-m\libc_nano.a(lib_a-memcpy-stub.o)
                0x00004970                memcpy
 .text.memset   0x00004982       0x10 c:/users/laure/appdata/local/arduino15/packages/arduino/tools/arm-none-eabi-gcc/7-2017q4/bin/../lib/gcc/arm-none-eabi/7.2.1/../../../../arm-none-eabi/lib/thumb/v6-m\libc_nano.a(lib_a-memset.o)
                0x00004982                memset
 *fill*         0x00004992        0x2 
 .text._free_r  0x00004994       0x94 c:/users/laure/appdata/local/arduino15/packages/arduino/tools/arm-none-eabi-gcc/7-2017q4/bin/../lib/gcc/arm-none-eabi/7.2.1/../../../../arm-none-eabi/lib/thumb/v6-m\libc_nano.a(lib_a-nano-freer.o)
                0x00004994                _free_r
 .text._malloc_r
                0x00004a28       0xbc c:/users/laure/appdata/local/arduino15/packages/arduino/tools/arm-none-eabi-gcc/7-2017q4/bin/../lib/gcc/arm-none-eabi/7.2.1/../../../../arm-none-eabi/lib/thumb/v6-m\libc_nano.a(lib_a-nano-mallocr.o)
                0x00004a28                _malloc_r
 .text._sbrk_r  0x00004ae4       0x24 c:/users/laure/appdata/local/arduino15/packages/arduino/tools/arm-none-eabi-gcc/7-2017q4/bin/../lib/gcc/arm-none-eabi/7.2.1/../../../../arm-none-eabi/lib/thumb/v6-m\libc_nano.a(lib_a-sbrkr.o)
                0x00004ae4                _sbrk_r
 .text          0x00004b08        0xe c:/users/laure/appdata/local/arduino15/packages/arduino/tools/arm-none-eabi-gcc/7-2017q4/bin/../lib/gcc/arm-none-eabi/7.2.1/../../../../arm-none-eabi/lib/thumb/v6-m\libc_nano.a(lib_a-strlen.o)
                0x00004b08                strlen
 .text.__malloc_lock
                0x00004b16        0x2 c:/users/laure/appdata/local/arduino15/packages/arduino/tools/arm-none-eabi-gcc/7-2017q4/bin/../lib/gcc/arm-none-eabi/7.2.1/../../../../arm-none-eabi/lib/thumb/v6-m\libc_nano.a(lib_a-mlock.o)
                0x00004b16                __malloc_lock
 .text.__malloc_unlock
                0x00004b18        0x2 c:/users/laure/appdata/local/arduino15/packages/arduino/tools/arm-none-eabi-gcc/7-2017q4/bin/../lib/gcc/arm-none-eabi/7.2.1/../../../../arm-none-eabi/lib/thumb/v6-m\libc_nano.a(lib_a-mlock.o)
                0x00004b18                __malloc_unlock
 *fill*         0x00004b1a        0x2 
 .text._sbrk    0x00004b1c       0x1c c:/users/laure/appdata/local/arduino15/packages/arduino/tools/arm-none-eabi-gcc/7-2017q4/bin/../lib/gcc/arm-none-eabi/7.2.1/../../../../arm-none-eabi/lib/thumb/v6-m\libnosys.a(sbrk.o)
                0x00004b1c                _sbrk
 *(.init)
 .init          0x00004b38        0x4 c:/users/laure/appdata/local/arduino15/packages/arduino/tools/arm-none-eabi-gcc/7-2017q4/bin/../lib/gcc/arm-none-eabi/7.2.1/thumb/v6-m/crti.o
                0x00004b38                _init
 .init          0x00004b3c        0x8 c:/users/laure/appdata/local/arduino15/packages/arduino/tools/arm-none-eabi-gcc/7-2017q4/bin/../lib/gcc/arm-none-eabi/7.2.1/thumb/v6-m/crtn.o
 *(.fini)
 .fini          0x00004b44        0x4 c:/users/laure/appdata/local/arduino15/packages/arduino/tools/arm-none-eabi-gcc/7-2017q4/bin/../lib/gcc/arm-none-eabi/7.2.1/thumb/v6-m/crti.o
                0x00004b44                _fini
 .fini          0x00004b48        0x8 c:/users/laure/appdata/local/arduino15/packages/arduino/tools/arm-none-eabi-gcc/7-2017q4/bin/../lib/gcc/arm-none-eabi/7.2.1/thumb/v6-m/crtn.o
 *crtbegin.o(.ctors)
 *crtbegin?.o(.ctors)
 *(EXCLUDE_FILE(*crtend.o *crtend?.o) .ctors)
 *(SORT_BY_NAME(.ctors.*))
 *(.ctors)
 *crtbegin.o(.dtors)
 *crtbegin?.o(.dtors)
 *(EXCLUDE_FILE(*crtend.o *crtend?.o) .dtors)
 *(SORT_BY_NAME(.dtors.*))
 *(.dtors)
 *(.rodata*)
 .rodata.CSWTCH.24
                0x00004b50        0x3 C:\Users\laure\AppData\Local\arduino\sketches\C631ABB22ACAF661818192E34083C7BD\libraries\SPI\SPI.cpp.o
 *fill*         0x00004b53        0x1 
 .rodata._ZTV12SPIClassSAMD
                0x00004b54       0x3c C:\Users\laure\AppData\Local\arduino\sketches\C631ABB22ACAF661818192E34083C7BD\libraries\SPI\SPI.cpp.o
                0x00004b54                vtable for SPIClassSAMD
 .rodata.g_APinDescription
                0x00004b90      0x360 C:\Users\laure\AppData\Local\arduino\sketches\C631ABB22ACAF661818192E34083C7BD\core\variant.cpp.o
                0x00004b90                g_APinDescription
 .rodata._ZTV4Uart
                0x00004ef0       0x34 C:\Users\laure\AppData\Local\arduino\sketches\C631ABB22ACAF661818192E34083C7BD/..\..\cores\arduino_samd_mkr1000_15fe817aae796c142fa2dce464418383\core.a(Uart.cpp.o)
                0x00004ef0                vtable for Uart
 .rodata._ZTV26DoubleBufferedEPOutHandler
                0x00004f24       0x24 C:\Users\laure\AppData\Local\arduino\sketches\C631ABB22ACAF661818192E34083C7BD/..\..\cores\arduino_samd_mkr1000_15fe817aae796c142fa2dce464418383\core.a(USBCore.cpp.o)
                0x00004f24                vtable for DoubleBufferedEPOutHandler
 .rodata._ZL14STRING_PRODUCT
                0x00004f48       0x10 C:\Users\laure\AppData\Local\arduino\sketches\C631ABB22ACAF661818192E34083C7BD/..\..\cores\arduino_samd_mkr1000_15fe817aae796c142fa2dce464418383\core.a(USBCore.cpp.o)
 .rodata._ZL15STRING_LANGUAGE
                0x00004f58        0x4 C:\Users\laure\AppData\Local\arduino\sketches\C631ABB22ACAF661818192E34083C7BD/..\..\cores\arduino_samd_mkr1000_15fe817aae796c142fa2dce464418383\core.a(USBCore.cpp.o)
 .rodata._ZL19STRING_MANUFACTURER
                0x00004f5c        0xc C:\Users\laure\AppData\Local\arduino\sketches\C631ABB22ACAF661818192E34083C7BD/..\..\cores\arduino_samd_mkr1000_15fe817aae796c142fa2dce464418383\core.a(USBCore.cpp.o)
 .rodata._ZL21USB_DeviceDescriptorB
                0x00004f68       0x12 C:\Users\laure\AppData\Local\arduino\sketches\C631ABB22ACAF661818192E34083C7BD/..\..\cores\arduino_samd_mkr1000_15fe817aae796c142fa2dce464418383\core.a(USBCore.cpp.o)
 *fill*         0x00004f7a        0x2 
 .rodata        0x00004f7c        0x8 C:\Users\laure\AppData\Local\arduino\sketches\C631ABB22ACAF661818192E34083C7BD/..\..\cores\arduino_samd_mkr1000_15fe817aae796c142fa2dce464418383\core.a(CDC.cpp.o)
 .rodata._ZTV7Serial_
                0x00004f84       0x60 C:\Users\laure\AppData\Local\arduino\sketches\C631ABB22ACAF661818192E34083C7BD/..\..\cores\arduino_samd_mkr1000_15fe817aae796c142fa2dce464418383\core.a(CDC.cpp.o)
                0x00004f84                vtable for Serial_
 .rodata.__sf_fake_stderr
                0x00004fe4       0x20 c:/users/laure/appdata/local/arduino15/packages/arduino/tools/arm-none-eabi-gcc/7-2017q4/bin/../lib/gcc/arm-none-eabi/7.2.1/../../../../arm-none-eabi/lib/thumb/v6-m\libc_nano.a(lib_a-findfp.o)
                0x00004fe4                __sf_fake_stderr
 .rodata.__sf_fake_stdin
                0x00005004       0x20 c:/users/laure/appdata/local/arduino15/packages/arduino/tools/arm-none-eabi-gcc/7-2017q4/bin/../lib/gcc/arm-none-eabi/7.2.1/../../../../arm-none-eabi/lib/thumb/v6-m\libc_nano.a(lib_a-findfp.o)
                0x00005004                __sf_fake_stdin
 .rodata.__sf_fake_stdout
                0x00005024       0x20 c:/users/laure/appdata/local/arduino15/packages/arduino/tools/arm-none-eabi-gcc/7-2017q4/bin/../lib/gcc/arm-none-eabi/7.2.1/../../../../arm-none-eabi/lib/thumb/v6-m\libc_nano.a(lib_a-findfp.o)
                0x00005024                __sf_fake_stdout
 *(.eh_frame*)
 .eh_frame      0x00005044        0x0 c:/users/laure/appdata/local/arduino15/packages/arduino/tools/arm-none-eabi-gcc/7-2017q4/bin/../lib/gcc/arm-none-eabi/7.2.1/thumb/v6-m/crtbegin.o
 .eh_frame      0x00005044        0x4 c:/users/laure/appdata/local/arduino15/packages/arduino/tools/arm-none-eabi-gcc/7-2017q4/bin/../lib/gcc/arm-none-eabi/7.2.1/thumb/v6-m/crtend.o

.glue_7         0x00005048        0x0
 .glue_7        0x00005048        0x0 linker stubs

.glue_7t        0x00005048        0x0
 .glue_7t       0x00005048        0x0 linker stubs

.vfp11_veneer   0x00005048        0x0
 .vfp11_veneer  0x00005048        0x0 linker stubs

.v4_bx          0x00005048        0x0
 .v4_bx         0x00005048        0x0 linker stubs

.iplt           0x00005048        0x0
 .iplt          0x00005048        0x0 c:/users/laure/appdata/local/arduino15/packages/arduino/tools/arm-none-eabi-gcc/7-2017q4/bin/../lib/gcc/arm-none-eabi/7.2.1/thumb/v6-m/crtbegin.o

.rel.dyn        0x00005048        0x0
 .rel.iplt      0x00005048        0x0 c:/users/laure/appdata/local/arduino15/packages/arduino/tools/arm-none-eabi-gcc/7-2017q4/bin/../lib/gcc/arm-none-eabi/7.2.1/thumb/v6-m/crtbegin.o

.ARM.extab
 *(.ARM.extab* .gnu.linkonce.armextab.*)
                0x00005048                __exidx_start = .

.ARM.exidx
 *(.ARM.exidx* .gnu.linkonce.armexidx.*)
                0x00005048                __exidx_end = .
                0x00005048                __etext = .

.data           0x20000000       0x90 load address 0x00005048
                0x20000000                __data_start__ = .
 *(vtable)
 *(.data*)
 .data          0x20000000        0x4 c:/users/laure/appdata/local/arduino15/packages/arduino/tools/arm-none-eabi-gcc/7-2017q4/bin/../lib/gcc/arm-none-eabi/7.2.1/thumb/v6-m/crtbegin.o
                0x20000000                __dso_handle
 .data.SystemCoreClock
                0x20000004        0x4 C:\Users\laure\AppData\Local\arduino\sketches\C631ABB22ACAF661818192E34083C7BD/..\..\cores\arduino_samd_mkr1000_15fe817aae796c142fa2dce464418383\core.a(wiring.c.o)
                0x20000004                SystemCoreClock
 .data._ZL5ticks
                0x20000008        0x4 C:\Users\laure\AppData\Local\arduino\sketches\C631ABB22ACAF661818192E34083C7BD/..\..\cores\arduino_samd_mkr1000_15fe817aae796c142fa2dce464418383\core.a(Reset.cpp.o)
 .data._ZL10breakValue
                0x2000000c        0x4 C:\Users\laure\AppData\Local\arduino\sketches\C631ABB22ACAF661818192E34083C7BD/..\..\cores\arduino_samd_mkr1000_15fe817aae796c142fa2dce464418383\core.a(CDC.cpp.o)
 .data._serialPeek
                0x20000010        0x4 C:\Users\laure\AppData\Local\arduino\sketches\C631ABB22ACAF661818192E34083C7BD/..\..\cores\arduino_samd_mkr1000_15fe817aae796c142fa2dce464418383\core.a(CDC.cpp.o)
                0x20000010                _serialPeek
 .data._impure_ptr
                0x20000014        0x4 c:/users/laure/appdata/local/arduino15/packages/arduino/tools/arm-none-eabi-gcc/7-2017q4/bin/../lib/gcc/arm-none-eabi/7.2.1/../../../../arm-none-eabi/lib/thumb/v6-m\libc_nano.a(lib_a-impure.o)
                0x20000014                _impure_ptr
 .data.impure_data
                0x20000018       0x60 c:/users/laure/appdata/local/arduino15/packages/arduino/tools/arm-none-eabi-gcc/7-2017q4/bin/../lib/gcc/arm-none-eabi/7.2.1/../../../../arm-none-eabi/lib/thumb/v6-m\libc_nano.a(lib_a-impure.o)
                0x20000078                . = ALIGN (0x4)
                0x20000078                PROVIDE (__preinit_array_start, .)
 *(.preinit_array)
                0x20000078                PROVIDE (__preinit_array_end, .)
                0x20000078                . = ALIGN (0x4)
                0x20000078                PROVIDE (__init_array_start, .)
 *(SORT_BY_NAME(.init_array.*))
 *(.init_array)
 .init_array    0x20000078        0x4 c:/users/laure/appdata/local/arduino15/packages/arduino/tools/arm-none-eabi-gcc/7-2017q4/bin/../lib/gcc/arm-none-eabi/7.2.1/thumb/v6-m/crtbegin.o
 .init_array    0x2000007c        0x4 C:\Users\laure\AppData\Local\arduino\sketches\C631ABB22ACAF661818192E34083C7BD\libraries\SPI\SPI.cpp.o
 .init_array    0x20000080        0x4 C:\Users\laure\AppData\Local\arduino\sketches\C631ABB22ACAF661818192E34083C7BD\core\variant.cpp.o
 .init_array    0x20000084        0x4 C:\Users\laure\AppData\Local\arduino\sketches\C631ABB22ACAF661818192E34083C7BD/..\..\cores\arduino_samd_mkr1000_15fe817aae796c142fa2dce464418383\core.a(USBCore.cpp.o)
 .init_array    0x20000088        0x4 C:\Users\laure\AppData\Local\arduino\sketches\C631ABB22ACAF661818192E34083C7BD/..\..\cores\arduino_samd_mkr1000_15fe817aae796c142fa2dce464418383\core.a(CDC.cpp.o)
                0x2000008c                PROVIDE (__init_array_end, .)
                0x2000008c                . = ALIGN (0x4)
                [!provide]                PROVIDE (__fini_array_start, .)
 *(SORT_BY_NAME(.fini_array.*))
 *(.fini_array)
 .fini_array    0x2000008c        0x4 c:/users/laure/appdata/local/arduino15/packages/arduino/tools/arm-none-eabi-gcc/7-2017q4/bin/../lib/gcc/arm-none-eabi/7.2.1/thumb/v6-m/crtbegin.o
                [!provide]                PROVIDE (__fini_array_end, .)
 *(.jcr*)
                0x20000090                . = ALIGN (0x10)
                0x20000090                __data_end__ = .

.igot.plt       0x20000090        0x0 load address 0x000050d8
 .igot.plt      0x20000090        0x0 c:/users/laure/appdata/local/arduino15/packages/arduino/tools/arm-none-eabi-gcc/7-2017q4/bin/../lib/gcc/arm-none-eabi/7.2.1/thumb/v6-m/crtbegin.o

.bss            0x20000090      0x920 load address 0x000050d8
                0x20000090                . = ALIGN (0x4)
                0x20000090                __bss_start__ = .
 *(.bss*)
 .bss           0x20000090       0x1c c:/users/laure/appdata/local/arduino15/packages/arduino/tools/arm-none-eabi-gcc/7-2017q4/bin/../lib/gcc/arm-none-eabi/7.2.1/thumb/v6-m/crtbegin.o
 .bss.SPI       0x200000ac       0x20 C:\Users\laure\AppData\Local\arduino\sketches\C631ABB22ACAF661818192E34083C7BD\libraries\SPI\SPI.cpp.o
                0x200000ac                SPI
 .bss.SPI1      0x200000cc       0x20 C:\Users\laure\AppData\Local\arduino\sketches\C631ABB22ACAF661818192E34083C7BD\libraries\SPI\SPI.cpp.o
                0x200000cc                SPI1
 .bss._ZN7arduinoL20DEFAULT_SPI_SETTINGSE
                0x200000ec        0x8 C:\Users\laure\AppData\Local\arduino\sketches\C631ABB22ACAF661818192E34083C7BD\libraries\SPI\SPI.cpp.o
 .bss.Serial1   0x200000f4      0x244 C:\Users\laure\AppData\Local\arduino\sketches\C631ABB22ACAF661818192E34083C7BD\core\variant.cpp.o
                0x200000f4                Serial1
 .bss.sercom0   0x20000338        0x8 C:\Users\laure\AppData\Local\arduino\sketches\C631ABB22ACAF661818192E34083C7BD\core\variant.cpp.o
                0x20000338                sercom0
 .bss.sercom1   0x20000340        0x8 C:\Users\laure\AppData\Local\arduino\sketches\C631ABB22ACAF661818192E34083C7BD\core\variant.cpp.o
                0x20000340                sercom1
 .bss.sercom2   0x20000348        0x8 C:\Users\laure\AppData\Local\arduino\sketches\C631ABB22ACAF661818192E34083C7BD\core\variant.cpp.o
                0x20000348                sercom2
 .bss.sercom3   0x20000350        0x8 C:\Users\laure\AppData\Local\arduino\sketches\C631ABB22ACAF661818192E34083C7BD\core\variant.cpp.o
                0x20000350                sercom3
 .bss.sercom4   0x20000358        0x8 C:\Users\laure\AppData\Local\arduino\sketches\C631ABB22ACAF661818192E34083C7BD\core\variant.cpp.o
                0x20000358                sercom4
 .bss.sercom5   0x20000360        0x8 C:\Users\laure\AppData\Local\arduino\sketches\C631ABB22ACAF661818192E34083C7BD\core\variant.cpp.o
                0x20000360                sercom5
 .bss.usb_isr   0x20000368        0x4 C:\Users\laure\AppData\Local\arduino\sketches\C631ABB22ACAF661818192E34083C7BD/..\..\cores\arduino_samd_mkr1000_15fe817aae796c142fa2dce464418383\core.a(cortex_handlers.c.o)
 .bss._ulTickCount
                0x2000036c        0x4 C:\Users\laure\AppData\Local\arduino\sketches\C631ABB22ACAF661818192E34083C7BD/..\..\cores\arduino_samd_mkr1000_15fe817aae796c142fa2dce464418383\core.a(delay.c.o)
 .bss.EndPoints
                0x20000370       0x28 C:\Users\laure\AppData\Local\arduino\sketches\C631ABB22ACAF661818192E34083C7BD/..\..\cores\arduino_samd_mkr1000_15fe817aae796c142fa2dce464418383\core.a(USBCore.cpp.o)
                0x20000370                EndPoints
 .bss.USBDevice
                0x20000398        0x1 C:\Users\laure\AppData\Local\arduino\sketches\C631ABB22ACAF661818192E34083C7BD/..\..\cores\arduino_samd_mkr1000_15fe817aae796c142fa2dce464418383\core.a(USBCore.cpp.o)
                0x20000398                USBDevice
 *fill*         0x20000399        0x3 
 .bss._ZL10epHandlers
                0x2000039c       0x1c C:\Users\laure\AppData\Local\arduino\sketches\C631ABB22ACAF661818192E34083C7BD/..\..\cores\arduino_samd_mkr1000_15fe817aae796c142fa2dce464418383\core.a(USBCore.cpp.o)
 .bss._ZL14isEndpointHalt
                0x200003b8        0x1 C:\Users\laure\AppData\Local\arduino\sketches\C631ABB22ACAF661818192E34083C7BD/..\..\cores\arduino_samd_mkr1000_15fe817aae796c142fa2dce464418383\core.a(USBCore.cpp.o)
 .bss._ZL20LastTransmitTimedOut
                0x200003b9        0x7 C:\Users\laure\AppData\Local\arduino\sketches\C631ABB22ACAF661818192E34083C7BD/..\..\cores\arduino_samd_mkr1000_15fe817aae796c142fa2dce464418383\core.a(USBCore.cpp.o)
 .bss._ZL21isRemoteWakeUpEnabled
                0x200003c0        0x1 C:\Users\laure\AppData\Local\arduino\sketches\C631ABB22ACAF661818192E34083C7BD/..\..\cores\arduino_samd_mkr1000_15fe817aae796c142fa2dce464418383\core.a(USBCore.cpp.o)
 *fill*         0x200003c1        0x3 
 .bss._ZL22udd_ep_in_cache_buffer
                0x200003c4      0x1c0 C:\Users\laure\AppData\Local\arduino\sketches\C631ABB22ACAF661818192E34083C7BD/..\..\cores\arduino_samd_mkr1000_15fe817aae796c142fa2dce464418383\core.a(USBCore.cpp.o)
 .bss._ZL23udd_ep_out_cache_buffer
                0x20000584      0x1c0 C:\Users\laure\AppData\Local\arduino\sketches\C631ABB22ACAF661818192E34083C7BD/..\..\cores\arduino_samd_mkr1000_15fe817aae796c142fa2dce464418383\core.a(USBCore.cpp.o)
 .bss._dry_run  0x20000744        0x1 C:\Users\laure\AppData\Local\arduino\sketches\C631ABB22ACAF661818192E34083C7BD/..\..\cores\arduino_samd_mkr1000_15fe817aae796c142fa2dce464418383\core.a(USBCore.cpp.o)
                0x20000744                _dry_run
 .bss._pack_buffer
                0x20000745      0x100 C:\Users\laure\AppData\Local\arduino\sketches\C631ABB22ACAF661818192E34083C7BD/..\..\cores\arduino_samd_mkr1000_15fe817aae796c142fa2dce464418383\core.a(USBCore.cpp.o)
                0x20000745                _pack_buffer
 .bss._pack_message
                0x20000845        0x1 C:\Users\laure\AppData\Local\arduino\sketches\C631ABB22ACAF661818192E34083C7BD/..\..\cores\arduino_samd_mkr1000_15fe817aae796c142fa2dce464418383\core.a(USBCore.cpp.o)
                0x20000845                _pack_message
 .bss._pack_size
                0x20000846        0x2 C:\Users\laure\AppData\Local\arduino\sketches\C631ABB22ACAF661818192E34083C7BD/..\..\cores\arduino_samd_mkr1000_15fe817aae796c142fa2dce464418383\core.a(USBCore.cpp.o)
                0x20000846                _pack_size
 .bss._usbConfiguration
                0x20000848        0x4 C:\Users\laure\AppData\Local\arduino\sketches\C631ABB22ACAF661818192E34083C7BD/..\..\cores\arduino_samd_mkr1000_15fe817aae796c142fa2dce464418383\core.a(USBCore.cpp.o)
                0x20000848                _usbConfiguration
 .bss._usbSetInterface
                0x2000084c        0x4 C:\Users\laure\AppData\Local\arduino\sketches\C631ABB22ACAF661818192E34083C7BD/..\..\cores\arduino_samd_mkr1000_15fe817aae796c142fa2dce464418383\core.a(USBCore.cpp.o)
                0x2000084c                _usbSetInterface
 .bss.usbd      0x20000850      0x104 C:\Users\laure\AppData\Local\arduino\sketches\C631ABB22ACAF661818192E34083C7BD/..\..\cores\arduino_samd_mkr1000_15fe817aae796c142fa2dce464418383\core.a(USBCore.cpp.o)
                0x20000850                usbd
 .bss._ZGVZ12PluggableUSBvE3obj
                0x20000954        0x4 C:\Users\laure\AppData\Local\arduino\sketches\C631ABB22ACAF661818192E34083C7BD/..\..\cores\arduino_samd_mkr1000_15fe817aae796c142fa2dce464418383\core.a(PluggableUSB.cpp.o)
 .bss._ZZ12PluggableUSBvE3obj
                0x20000958        0xc C:\Users\laure\AppData\Local\arduino\sketches\C631ABB22ACAF661818192E34083C7BD/..\..\cores\arduino_samd_mkr1000_15fe817aae796c142fa2dce464418383\core.a(PluggableUSB.cpp.o)
 .bss.SerialUSB
                0x20000964       0x3c C:\Users\laure\AppData\Local\arduino\sketches\C631ABB22ACAF661818192E34083C7BD/..\..\cores\arduino_samd_mkr1000_15fe817aae796c142fa2dce464418383\core.a(CDC.cpp.o)
                0x20000964                SerialUSB
 .bss.__malloc_free_list
                0x200009a0        0x4 c:/users/laure/appdata/local/arduino15/packages/arduino/tools/arm-none-eabi-gcc/7-2017q4/bin/../lib/gcc/arm-none-eabi/7.2.1/../../../../arm-none-eabi/lib/thumb/v6-m\libc_nano.a(lib_a-nano-mallocr.o)
                0x200009a0                __malloc_free_list
 .bss.__malloc_sbrk_start
                0x200009a4        0x4 c:/users/laure/appdata/local/arduino15/packages/arduino/tools/arm-none-eabi-gcc/7-2017q4/bin/../lib/gcc/arm-none-eabi/7.2.1/../../../../arm-none-eabi/lib/thumb/v6-m\libc_nano.a(lib_a-nano-mallocr.o)
                0x200009a4                __malloc_sbrk_start
 .bss.heap_end.4102
                0x200009a8        0x4 c:/users/laure/appdata/local/arduino15/packages/arduino/tools/arm-none-eabi-gcc/7-2017q4/bin/../lib/gcc/arm-none-eabi/7.2.1/../../../../arm-none-eabi/lib/thumb/v6-m\libnosys.a(sbrk.o)
 *(COMMON)
 COMMON         0x200009ac        0x4 c:/users/laure/appdata/local/arduino15/packages/arduino/tools/arm-none-eabi-gcc/7-2017q4/bin/../lib/gcc/arm-none-eabi/7.2.1/../../../../arm-none-eabi/lib/thumb/v6-m\libc_nano.a(lib_a-reent.o)
                0x200009ac                errno
                0x200009b0                . = ALIGN (0x4)
                0x200009b0                __bss_end__ = .

.heap           0x200009b0        0x0
                0x200009b0                __end__ = .
                0x200009b0                PROVIDE (end, .)
 *(.heap*)
                0x200009b0                __HeapLimit = .

.stack_dummy    0x200009b0        0x0
 *(.stack*)
                0x20008000                __StackTop = (ORIGIN (RAM) + LENGTH (RAM))
                0x20008000                __StackLimit = (__StackTop - SIZEOF (.stack_dummy))
                0x20008000                PROVIDE (__stack, __StackTop)
                0x20007fff                __ram_end__ = ((ORIGIN (RAM) + LENGTH (RAM)) - 0x1)
                0x00000001                ASSERT ((__StackLimit >= __HeapLimit), region RAM overflowed with stack)
OUTPUT(C:\Users\laure\AppData\Local\arduino\sketches\C631ABB22ACAF661818192E34083C7BD/fram_eraser.ino.elf elf32-littlearm)

.ARM.attributes
                0x00000000       0x28
 .ARM.attributes
                0x00000000       0x1e c:/users/laure/appdata/local/arduino15/packages/arduino/tools/arm-none-eabi-gcc/7-2017q4/bin/../lib/gcc/arm-none-eabi/7.2.1/thumb/v6-m/crti.o
 .ARM.attributes
                0x0000001e       0x2c c:/users/laure/appdata/local/arduino15/packages/arduino/tools/arm-none-eabi-gcc/7-2017q4/bin/../lib/gcc/arm-none-eabi/7.2.1/thumb/v6-m/crtbegin.o
 .ARM.attributes
                0x0000004a       0x32 C:\Users\laure\AppData\Local\arduino\sketches\C631ABB22ACAF661818192E34083C7BD\sketch\fram_eraser.ino.cpp.o
 .ARM.attributes
                0x0000007c       0x32 C:\Users\laure\AppData\Local\arduino\sketches\C631ABB22ACAF661818192E34083C7BD\libraries\SPI\SPI.cpp.o
 .ARM.attributes
                0x000000ae       0x32 C:\Users\laure\AppData\Local\arduino\sketches\C631ABB22ACAF661818192E34083C7BD\core\variant.cpp.o
 .ARM.attributes
                0x000000e0       0x32 C:\Users\laure\AppData\Local\arduino\sketches\C631ABB22ACAF661818192E34083C7BD/..\..\cores\arduino_samd_mkr1000_15fe817aae796c142fa2dce464418383\core.a(SERCOM.cpp.o)
 .ARM.attributes
                0x00000112       0x32 C:\Users\laure\AppData\Local\arduino\sketches\C631ABB22ACAF661818192E34083C7BD/..\..\cores\arduino_samd_mkr1000_15fe817aae796c142fa2dce464418383\core.a(Uart.cpp.o)
 .ARM.attributes
                0x00000144       0x32 C:\Users\laure\AppData\Local\arduino\sketches\C631ABB22ACAF661818192E34083C7BD/..\..\cores\arduino_samd_mkr1000_15fe817aae796c142fa2dce464418383\core.a(Print.cpp.o)
 .ARM.attributes
                0x00000176       0x32 C:\Users\laure\AppData\Local\arduino\sketches\C631ABB22ACAF661818192E34083C7BD/..\..\cores\arduino_samd_mkr1000_15fe817aae796c142fa2dce464418383\core.a(cortex_handlers.c.o)
 .ARM.attributes
                0x000001a8       0x32 C:\Users\laure\AppData\Local\arduino\sketches\C631ABB22ACAF661818192E34083C7BD/..\..\cores\arduino_samd_mkr1000_15fe817aae796c142fa2dce464418383\core.a(delay.c.o)
 .ARM.attributes
                0x000001da       0x32 C:\Users\laure\AppData\Local\arduino\sketches\C631ABB22ACAF661818192E34083C7BD/..\..\cores\arduino_samd_mkr1000_15fe817aae796c142fa2dce464418383\core.a(hooks.c.o)
 .ARM.attributes
                0x0000020c       0x32 C:\Users\laure\AppData\Local\arduino\sketches\C631ABB22ACAF661818192E34083C7BD/..\..\cores\arduino_samd_mkr1000_15fe817aae796c142fa2dce464418383\core.a(main.cpp.o)
 .ARM.attributes
                0x0000023e       0x32 C:\Users\laure\AppData\Local\arduino\sketches\C631ABB22ACAF661818192E34083C7BD/..\..\cores\arduino_samd_mkr1000_15fe817aae796c142fa2dce464418383\core.a(new.cpp.o)
 .ARM.attributes
                0x00000270       0x32 C:\Users\laure\AppData\Local\arduino\sketches\C631ABB22ACAF661818192E34083C7BD/..\..\cores\arduino_samd_mkr1000_15fe817aae796c142fa2dce464418383\core.a(startup.c.o)
 .ARM.attributes
                0x000002a2       0x32 C:\Users\laure\AppData\Local\arduino\sketches\C631ABB22ACAF661818192E34083C7BD/..\..\cores\arduino_samd_mkr1000_15fe817aae796c142fa2dce464418383\core.a(wiring.c.o)
 .ARM.attributes
                0x000002d4       0x32 C:\Users\laure\AppData\Local\arduino\sketches\C631ABB22ACAF661818192E34083C7BD/..\..\cores\arduino_samd_mkr1000_15fe817aae796c142fa2dce464418383\core.a(wiring_analog.c.o)
 .ARM.attributes
                0x00000306       0x32 C:\Users\laure\AppData\Local\arduino\sketches\C631ABB22ACAF661818192E34083C7BD/..\..\cores\arduino_samd_mkr1000_15fe817aae796c142fa2dce464418383\core.a(wiring_digital.c.o)
 .ARM.attributes
                0x00000338       0x32 C:\Users\laure\AppData\Local\arduino\sketches\C631ABB22ACAF661818192E34083C7BD/..\..\cores\arduino_samd_mkr1000_15fe817aae796c142fa2dce464418383\core.a(wiring_private.c.o)
 .ARM.attributes
                0x0000036a       0x32 C:\Users\laure\AppData\Local\arduino\sketches\C631ABB22ACAF661818192E34083C7BD/..\..\cores\arduino_samd_mkr1000_15fe817aae796c142fa2dce464418383\core.a(Reset.cpp.o)
 .ARM.attributes
                0x0000039c       0x32 C:\Users\laure\AppData\Local\arduino\sketches\C631ABB22ACAF661818192E34083C7BD/..\..\cores\arduino_samd_mkr1000_15fe817aae796c142fa2dce464418383\core.a(USBCore.cpp.o)
 .ARM.attributes
                0x000003ce       0x32 C:\Users\laure\AppData\Local\arduino\sketches\C631ABB22ACAF661818192E34083C7BD/..\..\cores\arduino_samd_mkr1000_15fe817aae796c142fa2dce464418383\core.a(PluggableUSB.cpp.o)
 .ARM.attributes
                0x00000400       0x32 C:\Users\laure\AppData\Local\arduino\sketches\C631ABB22ACAF661818192E34083C7BD/..\..\cores\arduino_samd_mkr1000_15fe817aae796c142fa2dce464418383\core.a(CDC.cpp.o)
 .ARM.attributes
                0x00000432       0x2c c:/users/laure/appdata/local/arduino15/packages/arduino/tools/arm-none-eabi-gcc/7-2017q4/bin/../lib/gcc/arm-none-eabi/7.2.1/../../../../arm-none-eabi/lib/thumb/v6-m\libstdc++_nano.a(atexit_arm.o)
 .ARM.attributes
                0x0000045e       0x1e c:/users/laure/appdata/local/arduino15/packages/arduino/tools/arm-none-eabi-gcc/7-2017q4/bin/../lib/gcc/arm-none-eabi/7.2.1/thumb/v6-m\libgcc.a(_thumb1_case_uqi.o)
 .ARM.attributes
                0x0000047c       0x1e c:/users/laure/appdata/local/arduino15/packages/arduino/tools/arm-none-eabi-gcc/7-2017q4/bin/../lib/gcc/arm-none-eabi/7.2.1/thumb/v6-m\libgcc.a(_udivsi3.o)
 .ARM.attributes
                0x0000049a       0x1e c:/users/laure/appdata/local/arduino15/packages/arduino/tools/arm-none-eabi-gcc/7-2017q4/bin/../lib/gcc/arm-none-eabi/7.2.1/thumb/v6-m\libgcc.a(_dvmd_tls.o)
 .ARM.attributes
                0x000004b8       0x2c c:/users/laure/appdata/local/arduino15/packages/arduino/tools/arm-none-eabi-gcc/7-2017q4/bin/../lib/gcc/arm-none-eabi/7.2.1/../../../../arm-none-eabi/lib/thumb/v6-m\libc_nano.a(lib_a-cxa_atexit.o)
 .ARM.attributes
                0x000004e4       0x2c c:/users/laure/appdata/local/arduino15/packages/arduino/tools/arm-none-eabi-gcc/7-2017q4/bin/../lib/gcc/arm-none-eabi/7.2.1/../../../../arm-none-eabi/lib/thumb/v6-m\libc_nano.a(lib_a-impure.o)
 .ARM.attributes
                0x00000510       0x2c c:/users/laure/appdata/local/arduino15/packages/arduino/tools/arm-none-eabi-gcc/7-2017q4/bin/../lib/gcc/arm-none-eabi/7.2.1/../../../../arm-none-eabi/lib/thumb/v6-m\libc_nano.a(lib_a-init.o)
 .ARM.attributes
                0x0000053c       0x2c c:/users/laure/appdata/local/arduino15/packages/arduino/tools/arm-none-eabi-gcc/7-2017q4/bin/../lib/gcc/arm-none-eabi/7.2.1/../../../../arm-none-eabi/lib/thumb/v6-m\libc_nano.a(lib_a-malloc.o)
 .ARM.attributes
                0x00000568       0x2c c:/users/laure/appdata/local/arduino15/packages/arduino/tools/arm-none-eabi-gcc/7-2017q4/bin/../lib/gcc/arm-none-eabi/7.2.1/../../../../arm-none-eabi/lib/thumb/v6-m\libc_nano.a(lib_a-memcpy-stub.o)
 .ARM.attributes
                0x00000594       0x2c c:/users/laure/appdata/local/arduino15/packages/arduino/tools/arm-none-eabi-gcc/7-2017q4/bin/../lib/gcc/arm-none-eabi/7.2.1/../../../../arm-none-eabi/lib/thumb/v6-m\libc_nano.a(lib_a-memset.o)
 .ARM.attributes
                0x000005c0       0x2c c:/users/laure/appdata/local/arduino15/packages/arduino/tools/arm-none-eabi-gcc/7-2017q4/bin/../lib/gcc/arm-none-eabi/7.2.1/../../../../arm-none-eabi/lib/thumb/v6-m\libc_nano.a(lib_a-nano-freer.o)
 .ARM.attributes
                0x000005ec       0x2c c:/users/laure/appdata/local/arduino15/packages/arduino/tools/arm-none-eabi-gcc/7-2017q4/bin/../lib/gcc/arm-none-eabi/7.2.1/../../../../arm-none-eabi/lib/thumb/v6-m\libc_nano.a(lib_a-nano-mallocr.o)
 .ARM.attributes
                0x00000618       0x2c c:/users/laure/appdata/local/arduino15/packages/arduino/tools/arm-none-eabi-gcc/7-2017q4/bin/../lib/gcc/arm-none-eabi/7.2.1/../../../../arm-none-eabi/lib/thumb/v6-m\libc_nano.a(lib_a-sbrkr.o)
 .ARM.attributes
                0x00000644       0x1c c:/users/laure/appdata/local/arduino15/packages/arduino/tools/arm-none-eabi-gcc/7-2017q4/bin/../lib/gcc/arm-none-eabi/7.2.1/../../../../arm-none-eabi/lib/thumb/v6-m\libc_nano.a(lib_a-strlen.o)
 .ARM.attributes
                0x00000660       0x2c c:/users/laure/appdata/local/arduino15/packages/arduino/tools/arm-none-eabi-gcc/7-2017q4/bin/../lib/gcc/arm-none-eabi/7.2.1/../../../../arm-none-eabi/lib/thumb/v6-m\libc_nano.a(lib_a-findfp.o)
 .ARM.attributes
                0x0000068c       0x2c c:/users/laure/appdata/local/arduino15/packages/arduino/tools/arm-none-eabi-gcc/7-2017q4/bin/../lib/gcc/arm-none-eabi/7.2.1/../../../../arm-none-eabi/lib/thumb/v6-m\libc_nano.a(lib_a-mlock.o)
 .ARM.attributes
                0x000006b8       0x2c c:/users/laure/appdata/local/arduino15/packages/arduino/tools/arm-none-eabi-gcc/7-2017q4/bin/../lib/gcc/arm-none-eabi/7.2.1/../../../../arm-none-eabi/lib/thumb/v6-m\libc_nano.a(lib_a-reent.o)
 .ARM.attributes
                0x000006e4       0x2c c:/users/laure/appdata/local/arduino15/packages/arduino/tools/arm-none-eabi-gcc/7-2017q4/bin/../lib/gcc/arm-none-eabi/7.2.1/../../../../arm-none-eabi/lib/thumb/v6-m\libnosys.a(sbrk.o)
 .ARM.attributes
                0x00000710       0x2c c:/users/laure/appdata/local/arduino15/packages/arduino/tools/arm-none-eabi-gcc/7-2017q4/bin/../lib/gcc/arm-none-eabi/7.2.1/thumb/v6-m/crtend.o
 .ARM.attributes
                0x0000073c       0x1e c:/users/laure/appdata/local/arduino15/packages/arduino/tools/arm-none-eabi-gcc/7-2017q4/bin/../lib/gcc/arm-none-eabi/7.2.1/thumb/v6-m/crtn.o

.comment        0x00000000       0x7e
 .comment       0x00000000       0x7e C:\Users\laure\AppData\Local\arduino\sketches\C631ABB22ACAF661818192E34083C7BD\sketch\fram_eraser.ino.cpp.o
                                 0x7f (size before relaxing)
 .comment       0x0000007e       0x7f C:\Users\laure\AppData\Local\arduino\sketches\C631ABB22ACAF661818192E34083C7BD\libraries\SPI\SPI.cpp.o
 .comment       0x0000007e       0x7f C:\Users\laure\AppData\Local\arduino\sketches\C631ABB22ACAF661818192E34083C7BD\core\variant.cpp.o
 .comment       0x0000007e       0x7f C:\Users\laure\AppData\Local\arduino\sketches\C631ABB22ACAF661818192E34083C7BD/..\..\cores\arduino_samd_mkr1000_15fe817aae796c142fa2dce464418383\core.a(SERCOM.cpp.o)
 .comment       0x0000007e       0x7f C:\Users\laure\AppData\Local\arduino\sketches\C631ABB22ACAF661818192E34083C7BD/..\..\cores\arduino_samd_mkr1000_15fe817aae796c142fa2dce464418383\core.a(Uart.cpp.o)
 .comment       0x0000007e       0x7f C:\Users\laure\AppData\Local\arduino\sketches\C631ABB22ACAF661818192E34083C7BD/..\..\cores\arduino_samd_mkr1000_15fe817aae796c142fa2dce464418383\core.a(Print.cpp.o)
 .comment       0x0000007e       0x7f C:\Users\laure\AppData\Local\arduino\sketches\C631ABB22ACAF661818192E34083C7BD/..\..\cores\arduino_samd_mkr1000_15fe817aae796c142fa2dce464418383\core.a(cortex_handlers.c.o)
 .comment       0x0000007e       0x7f C:\Users\laure\AppData\Local\arduino\sketches\C631ABB22ACAF661818192E34083C7BD/..\..\cores\arduino_samd_mkr1000_15fe817aae796c142fa2dce464418383\core.a(delay.c.o)
 .comment       0x0000007e       0x7f C:\Users\laure\AppData\Local\arduino\sketches\C631ABB22ACAF661818192E34083C7BD/..\..\cores\arduino_samd_mkr1000_15fe817aae796c142fa2dce464418383\core.a(hooks.c.o)
 .comment       0x0000007e       0x7f C:\Users\laure\AppData\Local\arduino\sketches\C631ABB22ACAF661818192E34083C7BD/..\..\cores\arduino_samd_mkr1000_15fe817aae796c142fa2dce464418383\core.a(main.cpp.o)
 .comment       0x0000007e       0x7f C:\Users\laure\AppData\Local\arduino\sketches\C631ABB22ACAF661818192E34083C7BD/..\..\cores\arduino_samd_mkr1000_15fe817aae796c142fa2dce464418383\core.a(new.cpp.o)
 .comment       0x0000007e       0x7f C:\Users\laure\AppData\Local\arduino\sketches\C631ABB22ACAF661818192E34083C7BD/..\..\cores\arduino_samd_mkr1000_15fe817aae796c142fa2dce464418383\core.a(startup.c.o)
 .comment       0x0000007e       0x7f C:\Users\laure\AppData\Local\arduino\sketches\C631ABB22ACAF661818192E34083C7BD/..\..\cores\arduino_samd_mkr1000_15fe817aae796c142fa2dce464418383\core.a(wiring.c.o)
 .comment       0x0000007e       0x7f C:\Users\laure\AppData\Local\arduino\sketches\C631ABB22ACAF661818192E34083C7BD/..\..\cores\arduino_samd_mkr1000_15fe817aae796c142fa2dce464418383\core.a(wiring_analog.c.o)
 .comment       0x0000007e       0x7f C:\Users\laure\AppData\Local\arduino\sketches\C631ABB22ACAF661818192E34083C7BD/..\..\cores\arduino_samd_mkr1000_15fe817aae796c142fa2dce464418383\core.a(wiring_digital.c.o)
 .comment       0x0000007e       0x7f C:\Users\laure\AppData\Local\arduino\sketches\C631ABB22ACAF661818192E34083C7BD/..\..\cores\arduino_samd_mkr1000_15fe817aae796c142fa2dce464418383\core.a(wiring_private.c.o)
 .comment       0x0000007e       0x7f C:\Users\laure\AppData\Local\arduino\sketches\C631ABB22ACAF661818192E34083C7BD/..\..\cores\arduino_samd_mkr1000_15fe817aae796c142fa2dce464418383\core.a(Reset.cpp.o)
 .comment       0x0000007e       0x7f C:\Users\laure\AppData\Local\arduino\sketches\C631ABB22ACAF661818192E34083C7BD/..\..\cores\arduino_samd_mkr1000_15fe817aae796c142fa2dce464418383\core.a(USBCore.cpp.o)
 .comment       0x0000007e       0x7f C:\Users\laure\AppData\Local\arduino\sketches\C631ABB22ACAF661818192E34083C7BD/..\..\cores\arduino_samd_mkr1000_15fe817aae796c142fa2dce464418383\core.a(PluggableUSB.cpp.o)
 .comment       0x0000007e       0x7f C:\Users\laure\AppData\Local\arduino\sketches\C631ABB22ACAF661818192E34083C7BD/..\..\cores\arduino_samd_mkr1000_15fe817aae796c142fa2dce464418383\core.a(CDC.cpp.o)

.debug_info     0x00000000    0x5d558
 .debug_info    0x00000000     0x6234 C:\Users\laure\AppData\Local\arduino\sketches\C631ABB22ACAF661818192E34083C7BD\sketch\fram_eraser.ino.cpp.o
 .debug_info    0x00006234     0x7d6c C:\Users\laure\AppData\Local\arduino\sketches\C631ABB22ACAF661818192E34083C7BD\libraries\SPI\SPI.cpp.o
 .debug_info    0x0000dfa0     0x7643 C:\Users\laure\AppData\Local\arduino\sketches\C631ABB22ACAF661818192E34083C7BD\core\variant.cpp.o